Component: ARM Compiler 5.06 update 6 (build 750) Tool: armlink [4d35ed]

==============================================================================

Section Cross References

    startup_stm32f103xe.o(RESET) refers to startup_stm32f103xe.o(STACK) for __initial_sp
    startup_stm32f103xe.o(RESET) refers to startup_stm32f103xe.o(.text) for Reset_Handler
    startup_stm32f103xe.o(RESET) refers to stm32f1xx_it.o(i.NMI_Handler) for NMI_Handler
    startup_stm32f103xe.o(RESET) refers to stm32f1xx_it.o(i.HardFault_Handler) for HardFault_Handler
    startup_stm32f103xe.o(RESET) refers to stm32f1xx_it.o(i.MemManage_Handler) for MemManage_Handler
    startup_stm32f103xe.o(RESET) refers to stm32f1xx_it.o(i.BusFault_Handler) for BusFault_Handler
    startup_stm32f103xe.o(RESET) refers to stm32f1xx_it.o(i.UsageFault_Handler) for UsageFault_Handler
    startup_stm32f103xe.o(RESET) refers to port.o(.emb_text) for SVC_Handler
    startup_stm32f103xe.o(RESET) refers to stm32f1xx_it.o(i.DebugMon_Handler) for DebugMon_Handler
    startup_stm32f103xe.o(RESET) refers to port.o(i.SysTick_Handler) for SysTick_Handler
    startup_stm32f103xe.o(RESET) refers to stm32f1xx_it.o(i.DMA1_Channel1_IRQHandler) for DMA1_Channel1_IRQHandler
    startup_stm32f103xe.o(RESET) refers to stm32f1xx_it.o(i.DMA1_Channel2_IRQHandler) for DMA1_Channel2_IRQHandler
    startup_stm32f103xe.o(RESET) refers to stm32f1xx_it.o(i.DMA1_Channel3_IRQHandler) for DMA1_Channel3_IRQHandler
    startup_stm32f103xe.o(RESET) refers to stm32f1xx_it.o(i.DMA1_Channel4_IRQHandler) for DMA1_Channel4_IRQHandler
    startup_stm32f103xe.o(RESET) refers to stm32f1xx_it.o(i.DMA1_Channel5_IRQHandler) for DMA1_Channel5_IRQHandler
    startup_stm32f103xe.o(RESET) refers to stm32f1xx_it.o(i.DMA1_Channel6_IRQHandler) for DMA1_Channel6_IRQHandler
    startup_stm32f103xe.o(RESET) refers to stm32f1xx_it.o(i.DMA1_Channel7_IRQHandler) for DMA1_Channel7_IRQHandler
    startup_stm32f103xe.o(RESET) refers to stm32f1xx_it.o(i.TIM1_UP_IRQHandler) for TIM1_UP_IRQHandler
    startup_stm32f103xe.o(RESET) refers to stm32f1xx_it.o(i.USART1_IRQHandler) for USART1_IRQHandler
    startup_stm32f103xe.o(RESET) refers to stm32f1xx_it.o(i.USART2_IRQHandler) for USART2_IRQHandler
    startup_stm32f103xe.o(RESET) refers to stm32f1xx_it.o(i.USART3_IRQHandler) for USART3_IRQHandler
    startup_stm32f103xe.o(.text) refers to system_stm32f1xx.o(i.SystemInit) for SystemInit
    startup_stm32f103xe.o(.text) refers to entry.o(.ARM.Collect$$$$00000000) for __main
    io_signal.o(i.Read_Analog_Io) refers to memcpya.o(.text) for __aeabi_memcpy4
    io_signal.o(i.Read_Analog_Io) refers to heap_4.o(i.pvPortMalloc) for pvPortMalloc
    io_signal.o(i.Read_Analog_Io) refers to heap_4.o(i.vPortFree) for vPortFree
    io_signal.o(i.Read_Analog_Io) refers to memseta.o(.text) for __aeabi_memclr4
    io_signal.o(i.Read_Analog_Io) refers to adc.o(i.Get_AdcValue) for Get_AdcValue
    io_signal.o(i.Read_Analog_Io) refers to ffltui.o(.text) for __aeabi_ui2f
    io_signal.o(i.Read_Analog_Io) refers to fmul.o(.text) for __aeabi_fmul
    io_signal.o(i.Read_Analog_Io) refers to fadd.o(.text) for __aeabi_fadd
    io_signal.o(i.Read_Analog_Io) refers to cfcmple.o(.text) for __aeabi_cfcmple
    io_signal.o(i.Read_Analog_Io) refers to tool.o(i.kalmanFilter) for kalmanFilter
    io_signal.o(i.Read_Analog_Io) refers to freertos.o(.bss) for Save_Flash
    io_signal.o(i.Read_Analog_Io) refers to io_signal.o(.constdata) for .constdata
    io_signal.o(i.Read_Analog_Io) refers to io_signal.o(.data) for .data
    io_signal.o(i.Read_Analog_Io) refers to io_signal.o(.bss) for .bss
    io_signal.o(i.Read_Analog_Io) refers to mdrtuslave.o(.data) for mdSlave1
    io_signal.o(i.Read_Digital_Io) refers to stm32f1xx_hal_gpio.o(i.HAL_GPIO_ReadPin) for HAL_GPIO_ReadPin
    io_signal.o(i.Read_Digital_Io) refers to mdrtuslave.o(.data) for mdSlave1
    io_signal.o(i.Write_Analog_IO) refers to heap_4.o(i.pvPortMalloc) for pvPortMalloc
    io_signal.o(i.Write_Analog_IO) refers to heap_4.o(i.vPortFree) for vPortFree
    io_signal.o(i.Write_Analog_IO) refers to mcp4822.o(i.Output_Current) for Output_Current
    io_signal.o(i.Write_Analog_IO) refers to mdrtuslave.o(.data) for mdSlave1
    io_signal.o(i.Write_Analog_IO) refers to io_signal.o(.data) for .data
    io_signal.o(i.Write_Digital_IO) refers to stm32f1xx_hal_gpio.o(i.HAL_GPIO_WritePin) for HAL_GPIO_WritePin
    io_signal.o(i.Write_Digital_IO) refers to mdrtuslave.o(.data) for mdSlave1
    mcp4822.o(i.Coutput_Current) refers to mcp4822.o(i.Mcp48xx_Write) for Mcp48xx_Write
    mcp4822.o(i.Mcp48xx_Write) refers to stm32f1xx_hal_gpio.o(i.HAL_GPIO_WritePin) for HAL_GPIO_WritePin
    mcp4822.o(i.Mcp48xx_Write) refers to stm32f1xx_hal_spi.o(i.HAL_SPI_Transmit) for HAL_SPI_Transmit
    mcp4822.o(i.Mcp48xx_Write) refers to stm32f1xx_hal_dac.o(i.HAL_DAC_SetValue) for HAL_DAC_SetValue
    mcp4822.o(i.Mcp48xx_Write) refers to spi.o(.bss) for hspi1
    mcp4822.o(i.Mcp48xx_Write) refers to dac.o(.bss) for hdac
[...]
    __1vsnprintf                             0x080476fd   Thumb Code     0  printfa.o(i.__0vsnprintf)
    __2vsnprintf                             0x080476fd   Thumb Code     0  printfa.o(i.__0vsnprintf)
    __c89vsnprintf                           0x080476fd   Thumb Code     0  printfa.o(i.__0vsnprintf)
    vsnprintf                                0x080476fd   Thumb Code     0  printfa.o(i.__0vsnprintf)
    __ARM_fpclassifyf                        0x08047729   Thumb Code    38  fpclassifyf.o(i.__ARM_fpclassifyf)
    __mathlib_flt_divzero                    0x0804776f   Thumb Code    10  funder.o(i.__mathlib_flt_divzero)
    __mathlib_flt_infnan2                    0x08047779   Thumb Code     4  funder.o(i.__mathlib_flt_infnan2)
    __mathlib_flt_invalid                    0x0804777d   Thumb Code     8  funder.o(i.__mathlib_flt_invalid)
    __mathlib_flt_overflow                   0x08047785   Thumb Code    10  funder.o(i.__mathlib_flt_overflow)
    __mathlib_flt_underflow                  0x0804778f   Thumb Code    10  funder.o(i.__mathlib_flt_underflow)
    __scatterload_copy                       0x08047799   Thumb Code    14  handlers.o(i.__scatterload_copy)
    __scatterload_null                       0x080477a7   Thumb Code     2  handlers.o(i.__scatterload_null)
    __scatterload_zeroinit                   0x080477a9   Thumb Code    14  handlers.o(i.__scatterload_zeroinit)
    __set_errno                              0x080477b9   Thumb Code     6  errno.o(i.__set_errno)
    kalmanFilter                             0x08048099   Thumb Code   102  tool.o(i.kalmanFilter)
    main                                     0x08048105   Thumb Code   274  main.o(i.main)
    mdClearReceiveBuffer                     0x08048255   Thumb Code    12  mdrecbuffer.o(i.mdClearReceiveBuffer)
    mdCreateModbusRTUSlave                   0x08048261   Thumb Code   214  mdrtuslave.o(i.mdCreateModbusRTUSlave)
    mdCreateReceiveBuffer                    0x08048379   Thumb Code    34  mdrecbuffer.o(i.mdCreateReceiveBuffer)
    mdCreateRegisterPool                     0x080483d5   Thumb Code   270  mdregpool.o(i.mdCreateRegisterPool)
    mdRTUHandleCode46                        0x08048a39   Thumb Code   136  mdrtuslave.o(i.mdRTUHandleCode46)
    mdU16Swap                                0x08048dd5   Thumb Code    30  mdrtuslave.o(i.mdU16Swap)
    osDelay                                  0x08048fa9   Thumb Code    14  cmsis_os.o(i.osDelay)
    osKernelStart                            0x08048fb7   Thumb Code    10  cmsis_os.o(i.osKernelStart)
    osMessageCreate                          0x08048fc1   Thumb Code    38  cmsis_os.o(i.osMessageCreate)
    osMutexCreate                            0x08048fe7   Thumb Code    16  cmsis_os.o(i.osMutexCreate)
    osRecursiveMutexRelease                  0x08048ff7   Thumb Code     4  cmsis_os.o(i.osRecursiveMutexRelease)
    osRecursiveMutexWait                     0x08048ffb   Thumb Code     4  cmsis_os.o(i.osRecursiveMutexWait)
    osSemaphoreCreate                        0x08048fff   Thumb Code    62  cmsis_os.o(i.osSemaphoreCreate)
    osSemaphoreRelease                       0x0804903d   Thumb Code    74  cmsis_os.o(i.osSemaphoreRelease)
    osSemaphoreWait                          0x0804908d   Thumb Code    96  cmsis_os.o(i.osSemaphoreWait)
    osThreadCreate                           0x080490f1   Thumb Code    84  cmsis_os.o(i.osThreadCreate)
    osThreadResumeAll                        0x08049145   Thumb Code    18  cmsis_os.o(i.osThreadResumeAll)
    osThreadSuspendAll                       0x08049157   Thumb Code    10  cmsis_os.o(i.osThreadSuspendAll)
    osTimerCreate                            0x08049161   Thumb Code    60  cmsis_os.o(i.osTimerCreate)
    osTimerStart                             0x080491a1   Thumb Code    88  cmsis_os.o(i.osTimerStart)
    osTimerStop                              0x080491fd   Thumb Code    82  cmsis_os.o(i.osTimerStop)
    __mathlib_powf                           0x08049299   Thumb Code     0  powf.o(i.powf)
    powf                                     0x08049299   Thumb Code  1548  powf.o(i.powf)
    pvPortMalloc                             0x0804a04d   Thumb Code   220  heap_4.o(i.pvPortMalloc)
    pvTaskIncrementMutexHeldCount            0x0804a12d   Thumb Code    18  tasks.o(i.pvTaskIncrementMutexHeldCount)
    pxPortInitialiseStack                    0x0804a145   Thumb Code    32  port.o(i.pxPortInitialiseStack)
    shellBackspace                           0x0804a169   Thumb Code     6  shell.o(i.shellBackspace)
    shellCheckPermission                     0x0804a16f   Thumb Code    46  shell.o(i.shellCheckPermission)
    shellClear                               0x0804a19d   Thumb Code    24  shell.o(i.shellClear)
    shellClearCommandLine                    0x0804a1b9   Thumb Code    48  shell.o(i.shellClearCommandLine)
    shellCmds                                0x0804a1e9   Thumb Code    20  shell.o(i.shellCmds)
    shellDelete                              0x0804a1fd   Thumb Code     8  shell.o(i.shellDelete)
    shellDeleteByte                          0x0804a205   Thumb Code   214  shell.o(i.shellDeleteByte)
    shellDeleteCommandLine                   0x0804a2dd   Thumb Code    24  shell.o(i.shellDeleteCommandLine)
    shellDown                                0x0804a2f9   Thumb Code     8  shell.o(i.shellDown)
    shellEnter                               0x0804a301   Thumb Code    20  shell.o(i.shellEnter)
    shellExec                                0x0804a315   Thumb Code   136  shell.o(i.shellExec)
    shellExecute                             0x0804a3a5   Thumb Code    72  shell.o(i.shellExecute)
    shellExtParsePara                        0x0804a543   Thumb Code   160  shell_ext.o(i.shellExtParsePara)
    shellExtRun                              0x0804a5e3   Thumb Code   198  shell_ext.o(i.shellExtRun)
    shellGetCurrent                          0x0804a6e5   Thumb Code    36  shell.o(i.shellGetCurrent)
    shellGetVarValue                         0x0804a70d   Thumb Code    62  shell.o(i.shellGetVarValue)
    shellHandler                             0x0804a74d   Thumb Code   274  shell.o(i.shellHandler)
    shellHelp                                0x0804a869   Thumb Code    40  shell.o(i.shellHelp)
    shellInit                                0x0804a991   Thumb Code   140  shell.o(i.shellInit)
    shellInsertByte                          0x0804aa2d   Thumb Code   214  shell.o(i.shellInsertByte)
    shellKeys                                0x0804ab09   Thumb Code    20  shell.o(i.shellKeys)
    shellLeft                                0x0804ab1d   Thumb Code    32  shell.o(i.shellLeft)
    shellListAll                             0x0804ab3d   Thumb Code    18  shell.o(i.shellListAll)
    shellListCommand                         0x0804ab51   Thumb Code    72  shell.o(i.shellListCommand)
    shellListItem                            0x0804ab9d   Thumb Code   228  shell.o(i.shellListItem)
    shellListKey                             0x0804ac91   Thumb Code    76  shell.o(i.shellListKey)
    shellListUser                            0x0804ace1   Thumb Code    76  shell.o(i.shellListUser)
    shellListVar                             0x0804ad31   Thumb Code    74  shell.o(i.shellListVar)
    shellNormalInput                         0x0804ad81   Thumb Code    16  shell.o(i.shellNormalInput)
    shellPrint                               0x0804ae09   Thumb Code    60  shell.o(i.shellPrint)
    shellRight                               0x0804ae45   Thumb Code    32  shell.o(i.shellRight)
    shellRunCommand                          0x0804ae65   Thumb Code   184  shell.o(i.shellRunCommand)
    shellSeekCommand                         0x0804af1d   Thumb Code   110  shell.o(i.shellSeekCommand)
    shellSetVar                              0x0804afed   Thumb Code    82  shell.o(i.shellSetVar)
    shellSetVarValue                         0x0804b045   Thumb Code   108  shell.o(i.shellSetVarValue)
    shellTab                                 0x0804b1a1   Thumb Code   322  shell.o(i.shellTab)
    shellTask                                0x0804b2e9   Thumb Code    34  shell.o(i.shellTask)
    shellToDec                               0x0804b30d   Thumb Code    76  shell.o(i.shellToDec)
    shellToHex                               0x0804b359   Thumb Code    42  shell.o(i.shellToHex)
    shellUp                                  0x0804b383   Thumb Code     6  shell.o(i.shellUp)
    shellUsers                               0x0804b389   Thumb Code    20  shell.o(i.shellUsers)
    shellVars                                0x0804b39d   Thumb Code    20  shell.o(i.shellVars)
    shellWriteString                         0x0804b4e5   Thumb Code    38  shell.o(i.shellWriteString)
    userShellLock                            0x0804b50d   Thumb Code    18  shell_port.o(i.userShellLock)
    userShellUnlock                          0x0804b525   Thumb Code    14  shell_port.o(i.userShellUnlock)
    uxListRemove                             0x0804b539   Thumb Code    38  list.o(i.uxListRemove)
    vApplicationGetIdleTaskMemory            0x0804b561   Thumb Code    16  freertos.o(i.vApplicationGetIdleTaskMemory)
    vApplicationGetTimerTaskMemory           0x0804b575   Thumb Code    18  freertos.o(i.vApplicationGetTimerTaskMemory)
    vApplicationMallocFailedHook             0x0804b58d   Thumb Code     8  freertos.o(i.vApplicationMallocFailedHook)
    vApplicationStackOverflowHook            0x0804b5b5   Thumb Code    10  freertos.o(i.vApplicationStackOverflowHook)
    vListInitialise                          0x0804b5dd   Thumb Code    22  list.o(i.vListInitialise)
    vListInitialiseItem                      0x0804b5f3   Thumb Code     6  list.o(i.vListInitialiseItem)
    vListInsert                              0x0804b5f9   Thumb Code    48  list.o(i.vListInsert)
    vListInsertEnd                           0x0804b629   Thumb Code    24  list.o(i.vListInsertEnd)
    vPortEnterCritical                       0x0804b641   Thumb Code    54  port.o(i.vPortEnterCritical)
    vPortExitCritical                        0x0804b681   Thumb Code    34  port.o(i.vPortExitCritical)
    vPortFree                                0x0804b6a9   Thumb Code    88  heap_4.o(i.vPortFree)
    vPortSetupTimerInterrupt                 0x0804b705   Thumb Code    32  port.o(i.vPortSetupTimerInterrupt)
    vPortValidateInterruptPriority           0x0804b729   Thumb Code    74  port.o(i.vPortValidateInterruptPriority)
    vQueueAddToRegistry                      0x0804b77d   Thumb Code    34  queue.o(i.vQueueAddToRegistry)
    vQueueWaitForMessageRestricted           0x0804b7a5   Thumb Code    68  queue.o(i.vQueueWaitForMessageRestricted)
    vTaskDelay                               0x0804b7e9   Thumb Code    66  tasks.o(i.vTaskDelay)
    vTaskInternalSetTimeOutState             0x0804b835   Thumb Code    12  tasks.o(i.vTaskInternalSetTimeOutState)
    vTaskMissedYield                         0x0804b845   Thumb Code     8  tasks.o(i.vTaskMissedYield)
    vTaskPlaceOnEventList                    0x0804b851   Thumb Code    44  tasks.o(i.vTaskPlaceOnEventList)
    vTaskPlaceOnEventListRestricted          0x0804b881   Thumb Code    52  tasks.o(i.vTaskPlaceOnEventListRestricted)
    vTaskPriorityDisinheritAfterTimeout      0x0804b8b9   Thumb Code   160  tasks.o(i.vTaskPriorityDisinheritAfterTimeout)
    vTaskStartScheduler                      0x0804b961   Thumb Code   118  tasks.o(i.vTaskStartScheduler)
    vTaskSuspendAll                          0x0804b9e9   Thumb Code    10  tasks.o(i.vTaskSuspendAll)
    vTaskSwitchContext                       0x0804b9f9   Thumb Code   126  tasks.o(i.vTaskSwitchContext)
    xPortStartScheduler                      0x0804ba81   Thumb Code   154  port.o(i.xPortStartScheduler)
    xQueueCreateMutex                        0x0804bb29   Thumb Code    22  queue.o(i.xQueueCreateMutex)
    xQueueCreateMutexStatic                  0x0804bb3f   Thumb Code    26  queue.o(i.xQueueCreateMutexStatic)
    xQueueGenericCreate                      0x0804bb59   Thumb Code    72  queue.o(i.xQueueGenericCreate)
    xQueueGenericCreateStatic                0x0804bba1   Thumb Code   102  queue.o(i.xQueueGenericCreateStatic)
    xQueueGenericReset                       0x0804bc09   Thumb Code   132  queue.o(i.xQueueGenericReset)
    xQueueGenericSend                        0x0804bc91   Thumb Code   346  queue.o(i.xQueueGenericSend)
    xQueueGenericSendFromISR                 0x0804bdf1   Thumb Code   188  queue.o(i.xQueueGenericSendFromISR)
    xQueueGiveFromISR                        0x0804bead   Thumb Code   156  queue.o(i.xQueueGiveFromISR)
    xQueueReceive                            0x0804bf49   Thumb Code   308  queue.o(i.xQueueReceive)
    xQueueReceiveFromISR                     0x0804c081   Thumb Code   154  queue.o(i.xQueueReceiveFromISR)
    xQueueSemaphoreTake                      0x0804c11d   Thumb Code   372  queue.o(i.xQueueSemaphoreTake)
    xTaskCheckForTimeOut                     0x0804c295   Thumb Code   112  tasks.o(i.xTaskCheckForTimeOut)
    xTaskCreate                              0x0804c309   Thumb Code    90  tasks.o(i.xTaskCreate)
    xTaskCreateStatic                        0x0804c363   Thumb Code    86  tasks.o(i.xTaskCreateStatic)
    xTaskGetSchedulerState                   0x0804c3b9   Thumb Code    22  tasks.o(i.xTaskGetSchedulerState)
    xTaskGetTickCount                        0x0804c3d5   Thumb Code     6  tasks.o(i.xTaskGetTickCount)
    xTaskIncrementTick                       0x0804c3e1   Thumb Code   192  tasks.o(i.xTaskIncrementTick)
    xTaskPriorityDisinherit                  0x0804c4a9   Thumb Code   144  tasks.o(i.xTaskPriorityDisinherit)
    xTaskPriorityInherit                     0x0804c541   Thumb Code   138  tasks.o(i.xTaskPriorityInherit)
    xTaskRemoveFromEventList                 0x0804c5d5   Thumb Code   108  tasks.o(i.xTaskRemoveFromEventList)
    xTaskResumeAll                           0x0804c649   Thumb Code   182  tasks.o(i.xTaskResumeAll)
    xTimerCreate                             0x0804c70d   Thumb Code    52  timers.o(i.xTimerCreate)
    xTimerCreateStatic                       0x0804c741   Thumb Code    46  timers.o(i.xTimerCreateStatic)
    xTimerCreateTimerTask                    0x0804c771   Thumb Code    78  timers.o(i.xTimerCreateTimerTask)
    xTimerGenericCommand                     0x0804c7d1   Thumb Code    92  timers.o(i.xTimerGenericCommand)
    shellCmdat_config                        0x0804c92c   Data          10  lte.o(.constdata)
    shellDescat_config                       0x0804c936   Data          10  lte.o(.constdata)
    shellCmdadc_clibration                   0x0804c98c   Data          15  clibration.o(.constdata)
    shellDescadc_clibration                  0x0804c99b   Data          11  clibration.o(.constdata)
    shellCmddac_clibration                   0x0804c9a6   Data          15  clibration.o(.constdata)
    shellDescdac_clibration                  0x0804c9b5   Data          11  clibration.o(.constdata)
    shellCmdsee_adc                          0x0804c9c0   Data           8  clibration.o(.constdata)
    shellDescsee_adc                         0x0804c9c8   Data           4  clibration.o(.constdata)
    shellCmdsee_dac                          0x0804c9cc   Data           8  clibration.o(.constdata)
    shellDescsee_dac                         0x0804c9d4   Data           4  clibration.o(.constdata)
    shellCmdcheck_adc                        0x0804c9d8   Data          10  clibration.o(.constdata)
    shellDesccheck_adc                       0x0804c9e2   Data           6  clibration.o(.constdata)
    shellCmdDefaultUser                      0x0804c9e8   Data           4  shell.o(.constdata)
    shellPasswordDefaultUser                 0x0804c9ec   Data           5  shell.o(.constdata)
    shellDesDefaultUser                      0x0804c9f1   Data          13  shell.o(.constdata)
    shellCmdsetVar                           0x0804c9fe   Data           7  shell.o(.constdata)
    shellDescsetVar                          0x0804ca05   Data           8  shell.o(.constdata)
    shellDesc0x1B5B4100                      0x0804ca0d   Data           3  shell.o(.constdata)
    shellDesc0x1B5B4200                      0x0804ca10   Data           5  shell.o(.constdata)
    shellDesc0x1B5B4300                      0x0804ca15   Data           6  shell.o(.constdata)
    shellDesc0x1B5B4400                      0x0804ca1b   Data           5  shell.o(.constdata)
    shellDesc0x09000000                      0x0804ca20   Data           4  shell.o(.constdata)
    shellDesc0x08000000                      0x0804ca24   Data          10  shell.o(.constdata)
    shellDesc0x7F000000                      0x0804ca2e   Data          10  shell.o(.constdata)
    shellDesc0x1B5B337E                      0x0804ca38   Data           7  shell.o(.constdata)
    shellDesc0x0A000000                      0x0804ca3f   Data           6  shell.o(.constdata)
    shellDesc0x0D000000                      0x0804ca45   Data           6  shell.o(.constdata)
    shellCmdhelp                             0x0804ca4b   Data           5  shell.o(.constdata)
    shellDeschelp                            0x0804ca50   Data          29  shell.o(.constdata)
    shellCmdusers                            0x0804ca6d   Data           6  shell.o(.constdata)
    shellDescusers                           0x0804ca73   Data          14  shell.o(.constdata)
    shellCmdcmds                             0x0804ca81   Data           5  shell.o(.constdata)
    shellDesccmds                            0x0804ca86   Data          13  shell.o(.constdata)
    shellCmdvars                             0x0804ca93   Data           5  shell.o(.constdata)
    shellDescvars                            0x0804ca98   Data          13  shell.o(.constdata)
    shellCmdkeys                             0x0804caa5   Data           5  shell.o(.constdata)
    shellDesckeys                            0x0804caaa   Data          13  shell.o(.constdata)
    shellCmdclear                            0x0804cab7   Data           6  shell.o(.constdata)
    shellDescclear                           0x0804cabd   Data          14  shell.o(.constdata)
    shellCmdexec                             0x0804cacb   Data           5  shell.o(.constdata)
    shellDescexec                            0x0804cad0   Data          27  shell.o(.constdata)
    AHBPrescTable                            0x0804cafc   Data          16  system_stm32f1xx.o(.constdata)
    APBPrescTable                            0x0804cb0c   Data           8  system_stm32f1xx.o(.constdata)
    Region$$Table$$Base                      0x0804d164   Number         0  anon$$obj.o(Region$$Table)
    Region$$Table$$Limit                     0x0804d184   Number         0  anon$$obj.o(Region$$Table)
    shellCommand$$Base                       0x0804d184   Number         0  lte.o(shellCommand)
    shellCommandat_config                    0x0804d184   Data          16  lte.o(shellCommand)
    shellCommandadc_clibration               0x0804d194   Data          16  clibration.o(shellCommand)
    shellCommanddac_clibration               0x0804d1a4   Data          16  clibration.o(shellCommand)
    shellCommandsee_adc                      0x0804d1b4   Data          16  clibration.o(shellCommand)
    shellCommandsee_dac                      0x0804d1c4   Data          16  clibration.o(shellCommand)
    shellCommandcheck_adc                    0x0804d1d4   Data          16  clibration.o(shellCommand)
    shellUserDefault                         0x0804d1e4   Data          16  shell.o(shellCommand)
    shellCommandsetVar                       0x0804d1f4   Data          16  shell.o(shellCommand)
    shellKey0x1B5B4100                       0x0804d204   Data          16  shell.o(shellCommand)
    shellKey0x1B5B4200                       0x0804d214   Data          16  shell.o(shellCommand)
    shellKey0x1B5B4300                       0x0804d224   Data          16  shell.o(shellCommand)
    shellKey0x1B5B4400                       0x0804d234   Data          16  shell.o(shellCommand)
    shellKey0x09000000                       0x0804d244   Data          16  shell.o(shellCommand)
    shellKey0x08000000                       0x0804d254   Data          16  shell.o(shellCommand)
    shellKey0x7F000000                       0x0804d264   Data          16  shell.o(shellCommand)
    shellKey0x1B5B337E                       0x0804d274   Data          16  shell.o(shellCommand)
    shellKey0x0A000000                       0x0804d284   Data          16  shell.o(shellCommand)
    shellKey0x0D000000                       0x0804d294   Data          16  shell.o(shellCommand)
    shellCommandhelp                         0x0804d2a4   Data          16  shell.o(shellCommand)
    shellCommandusers                        0x0804d2b4   Data          16  shell.o(shellCommand)
    shellCommandcmds                         0x0804d2c4   Data          16  shell.o(shellCommand)
    shellCommandvars                         0x0804d2d4   Data          16  shell.o(shellCommand)
    shellCommandkeys                         0x0804d2e4   Data          16  shell.o(shellCommand)
    shellCommandclear                        0x0804d2f4   Data          16  shell.o(shellCommand)
    shellCommandexec                         0x0804d304   Data          16  shell.o(shellCommand)
    shellCommand$$Limit                      0x0804d314   Number         0  shell.o(shellCommand)
    dac_object_group                         0x20000001   Data           8  io_signal.o(.data)
    Save_InitPara                            0x2000000c   Data         156  main.o(.data)
    ShellHandle                              0x200000ac   Data           4  freertos.o(.data)
    InputHandle                              0x200000b0   Data           4  freertos.o(.data)
    OutputHandle                             0x200000b4   Data           4  freertos.o(.data)
    UpdateHandle                             0x200000b8   Data           4  freertos.o(.data)
    ScreenHandle                             0x200000bc   Data           4  freertos.o(.data)
    RS485Handle                              0x200000c0   Data           4  freertos.o(.data)
    ContrlHandle                             0x200000c4   Data           4  freertos.o(.data)
    UserQueueHandle                          0x200000c8   Data           4  freertos.o(.data)
    reportHandle                             0x200000cc   Data           4  freertos.o(.data)
    mdtimerHandle                            0x200000d0   Data           4  freertos.o(.data)
    shellMutexHandle                         0x200000d4   Data           4  freertos.o(.data)
    Recive_Uart1Handle                       0x200000d8   Data           4  freertos.o(.data)
    Recive_Uart2Handle                       0x200000dc   Data           4  freertos.o(.data)
    Recive_Uart3Handle                       0x200000e0   Data           4  freertos.o(.data)
    Lte                                      0x200000f4   Data         168  lte.o(.data)
    At_Object                                0x2000019c   Data           4  lte.o(.data)
    Adc                                      0x200001a0   Data          96  clibration.o(.data)
    Dwin_Object                              0x2000021c   Data           4  dwin.o(.data)
    Dwin_ObjMap                              0x20000220   Data         464  dwin.o(.data)
    mdSlave1                                 0x20000400   Data           4  mdrtuslave.o(.data)
    mdSlave2                                 0x20000404   Data           4  mdrtuslave.o(.data)
    uwTickFreq                               0x20000460   Data           1  stm32f1xx_hal.o(.data)
    uwTickPrio                               0x20000464   Data           4  stm32f1xx_hal.o(.data)
    uwTick                                   0x20000468   Data           4  stm32f1xx_hal.o(.data)
    SystemCoreClock                          0x2000046c   Data           4  system_stm32f1xx.o(.data)
    pxCurrentTCB                             0x20000470   Data           4  tasks.o(.data)
    Save_Flash                               0x200005a8   Data         172  freertos.o(.bss)
    Adc_buffer                               0x20000cfc   Data         256  adc.o(.bss)
    hadc1                                    0x20000dfc   Data          48  adc.o(.bss)
    hdma_adc1                                0x20000e2c   Data          68  adc.o(.bss)
    hdac                                     0x20000e70   Data          20  dac.o(.bss)
    hspi1                                    0x20000e84   Data          88  spi.o(.bss)
    huart1                                   0x20000edc   Data          68  usart.o(.bss)
    huart2                                   0x20000f20   Data          68  usart.o(.bss)
    huart3                                   0x20000f64   Data          68  usart.o(.bss)
    hdma_usart1_rx                           0x20000fa8   Data          68  usart.o(.bss)
    hdma_usart1_tx                           0x20000fec   Data          68  usart.o(.bss)
    hdma_usart2_rx                           0x20001030   Data          68  usart.o(.bss)
    hdma_usart2_tx                           0x20001074   Data          68  usart.o(.bss)
    hdma_usart3_rx                           0x200010b8   Data          68  usart.o(.bss)
    hdma_usart3_tx                           0x200010fc   Data          68  usart.o(.bss)
    htim1                                    0x20001140   Data          72  stm32f1xx_hal_timebase_tim.o(.bss)
    Dac                                      0x20001188   Data         576  clibration.o(.bss)
    shell                                    0x200013e8   Data         116  shell_port.o(.bss)
    shell_buffer                             0x2000145c   Data         128  shell_port.o(.bss)
    pFlash                                   0x200014e0   Data          32  stm32f1xx_hal_flash.o(.bss)
    xQueueRegistry                           0x20001500   Data          64  queue.o(.bss)
    __initial_sp                             0x20006f18   Data           0  startup_stm32f103xe.o(STACK)



==============================================================================

Memory Map of the image

  Image Entry point : 0x08042131

  Load Region LR_IROM1 (Base: 0x08042000, Size: 0x0000b7fc, Max: 0x0003d000, ABSOLUTE, COMPRESSED[0x0000b4c8])

    Execution Region ER_IROM1 (Exec base: 0x08042000, Load base: 0x08042000, Size: 0x0000b314, Max: 0x0003d000, ABSOLUTE)

    Exec Addr    Load Addr    Size         Type   Attr      Idx    E Section Name        Object

    0x08042000   0x08042000   0x00000130   Data   RO            3    RESET               startup_stm32f103xe.o
    0x08042130   0x08042130   0x00000000   Code   RO         6882  * .ARM.Collect$$$$00000000  mc_w.l(entry.o)
    0x08042130   0x08042130   0x00000004   Code   RO         6977    .ARM.Collect$$$$00000001  mc_w.l(entry2.o)
    0x08042134   0x08042134   0x00000004   Code   RO         6980    .ARM.Collect$$$$00000004  mc_w.l(entry5.o)
    0x08042138   0x08042138   0x00000000   Code   RO         6982    .ARM.Collect$$$$00000008  mc_w.l(entry7b.o)
    0x08042138   0x08042138   0x00000000   Code   RO         6984    .ARM.Collect$$$$0000000A  mc_w.l(entry8b.o)
    0x08042138   0x08042138   0x00000008   Code   RO         6985    .ARM.Collect$$$$0000000B  mc_w.l(entry9a.o)
    0x08042140   0x08042140   0x00000000   Code   RO         6987    .ARM.Collect$$$$0000000D  mc_w.l(entry10a.o)
    0x08042140   0x08042140   0x00000000   Code   RO         6989    .ARM.Collect$$$$0000000F  mc_w.l(entry11a.o)
    0x08042140   0x08042140   0x00000004   Code   RO         6978    .ARM.Collect$$$$00002712  mc_w.l(entry2.o)
    0x08042144   0x08042144   0x00000096   Code   RO         6795    .emb_text           port.o
    0x080421da   0x080421da   0x00000002   PAD
    0x080421dc   0x080421dc   0x00000024   Code   RO            4    .text               startup_stm32f103xe.o
    0x08042200   0x08042200   0x00000020   Code   RO         6885    .text               mc_w.l(llushr.o)
    0x08042220   0x08042220   0x00000024   Code   RO         6887    .text               mc_w.l(memcpya.o)
    0x08042244   0x08042244   0x00000024   Code   RO         6891    .text               mc_w.l(memseta.o)
    0x08042268   0x08042268   0x00000024   Code   RO         6893    .text               mc_w.l(strstr.o)
    0x0804228c   0x0804228c   0x0000000e   Code   RO         6895    .text               mc_w.l(strlen.o)
    0x0804229a   0x0804229a   0x0000001c   Code   RO         6897    .text               mc_w.l(strcmp.o)
    0x080422b6   0x080422b6   0x0000001e   Code   RO         6899    .text               mc_w.l(strncmp.o)
    0x080422d4   0x080422d4   0x000000b0   Code   RO         6931    .text               mf_w.l(fadd.o)
    0x08042384   0x08042384   0x00000064   Code   RO         6933    .text               mf_w.l(fmul.o)
    0x080423e8   0x080423e8   0x0000007c   Code   RO         6935    .text               mf_w.l(fdiv.o)
    0x08042464   0x08042464   0x00000018   Code   RO         6937    .text               mf_w.l(fscalb.o)
    0x0804247c   0x0804247c   0x000000de   Code   RO         6939    .text               mf_w.l(ddiv.o)
    0x0804255a   0x0804255a   0x0000002e   Code   RO         6941    .text               mf_w.l(dscalb.o)
    0x08042588   0x08042588   0x00000012   Code   RO         6943    .text               mf_w.l(fflti.o)
    0x0804259a   0x0804259a   0x0000000a   Code   RO         6945    .text               mf_w.l(ffltui.o)
    0x080425a4   0x080425a4   0x0000001a   Code   RO         6947    .text               mf_w.l(dfltui.o)
    0x080425be   0x080425be   0x00000028   Code   RO         6949    .text               mf_w.l(ffixui.o)
    0x080425e6   0x080425e6   0x0000003e   Code   RO         6951    .text               mf_w.l(dfixi.o)
    0x08042624   0x08042624   0x00000032   Code   RO         6953    .text               mf_w.l(dfixui.o)
    0x08042656   0x08042656   0x00000026   Code   RO         6955    .text               mf_w.l(f2d.o)
    0x0804267c   0x0804267c   0x00000014   Code   RO         6957    .text               mf_w.l(cfcmple.o)
    0x08042690   0x08042690   0x00000014   Code   RO         6959    .text               mf_w.l(cfrcmple.o)
    0x080426a4   0x080426a4   0x0000002c   Code   RO         6994    .text               mc_w.l(uidiv.o)
    0x080426d0   0x080426d0   0x00000062   Code   RO         6996    .text               mc_w.l(uldiv.o)
    0x08042732   0x08042732   0x00000000   Code   RO         7005    .text               mc_w.l(iusefp.o)
    0x08042732   0x08042732   0x0000006e   Code   RO         7006    .text               mf_w.l(fepilogue.o)
    0x080427a0   0x080427a0   0x000000ba   Code   RO         7008    .text               mf_w.l(depilogue.o)
    0x0804285a   0x0804285a   0x0000014e   Code   RO         7010    .text               mf_w.l(dadd.o)
    0x080429a8   0x080429a8   0x000000e4   Code   RO         7012    .text               mf_w.l(dmul.o)
    0x08042a8c   0x08042a8c   0x00000030   Code   RO         7014    .text               mf_w.l(dfixul.o)
    0x08042abc   0x08042abc   0x0000004c   Code   RO         7016    .text               mf_w.l(ffixir.o)
    0x08042b08   0x08042b08   0x00000030   Code   RO         7018    .text               mf_w.l(cdrcmple.o)
    0x08042b38   0x08042b38   0x00000004   Code   RO         7020    .text               mf_w.l(fpstat.o)
    0x08042b3c   0x08042b3c   0x00000024   Code   RO         7022    .text               mc_w.l(init.o)
    0x08042b60   0x08042b60   0x0000001e   Code   RO         7025    .text               mc_w.l(llshl.o)
    0x08042b7e   0x08042b7e   0x00000024   Code   RO         7027    .text               mc_w.l(llsshr.o)
    0x08042ba2   0x08042ba2   0x00000056   Code   RO         7038    .text               mc_w.l(__dczerorl2.o)
    0x08042bf8   0x08042bf8   0x00000056   Code   RO         2324    i.ADC_ConversionStop_Disable  stm32f1xx_hal_adc.o
    0x08042c4e   0x08042c4e   0x0000004e   Code   RO         2325    i.ADC_DMAConvCplt   stm32f1xx_hal_adc.o
    0x08042c9c   0x08042c9c   0x0000001a   Code   RO         2326    i.ADC_DMAError      stm32f1xx_hal_adc.o
    0x08042cb6   0x08042cb6   0x0000000a   Code   RO         2327    i.ADC_DMAHalfConvCplt  stm32f1xx_hal_adc.o
    0x08042cc0   0x08042cc0   0x0000007c   Code   RO         2328    i.ADC_Enable        stm32f1xx_hal_adc.o
    0x08042d3c   0x08042d3c   0x00000274   Code   RO         1248    i.Adc_Clibration    clibration.o
    0x08042fb0   0x08042fb0   0x000000c0   Code   RO         1180    i.At_Config         lte.o
    0x08043070   0x08043070   0x000001a8   Code   RO         1181    i.At_ExeAppointCmd  lte.o
    0x08043218   0x08043218   0x0000009c   Code   RO         1182    i.At_SetDefault     lte.o
    0x080432b4   0x080432b4   0x00000012   Code   RO         1183    i.At_SetPin         lte.o
    0x080432c6   0x080432c6   0x00000002   Code   RO          993    i.BusFault_Handler  stm32f1xx_it.o
    0x080432c8   0x080432c8   0x00000002   Code   RO         1249    i.Check_ADC         clibration.o
    0x080432ca   0x080432ca   0x00000018   Code   RO          634    i.Check_Mode        freertos.o
    0x080432e2   0x080432e2   0x00000002   PAD
    0x080432e4   0x080432e4   0x00000274   Code   RO          635    i.Contrl_Task       freertos.o
    0x08043558   0x08043558   0x00000008   Code   RO          269    i.Coutput_Current   mcp4822.o
    0x08043560   0x08043560   0x0000006c   Code   RO         1184    i.Creat_AtObject    lte.o
    0x080435cc   0x080435cc   0x000000cc   Code   RO         1325    i.Create_DwinObject  dwin.o
    0x08043698   0x08043698   0x0000000c   Code   RO          994    i.DMA1_Channel1_IRQHandler  stm32f1xx_it.o
    0x080436a4   0x080436a4   0x0000000c   Code   RO          995    i.DMA1_Channel2_IRQHandler  stm32f1xx_it.o
    0x080436b0   0x080436b0   0x0000000c   Code   RO          996    i.DMA1_Channel3_IRQHandler  stm32f1xx_it.o
    0x080436bc   0x080436bc   0x0000000c   Code   RO          997    i.DMA1_Channel4_IRQHandler  stm32f1xx_it.o
    0x080436c8   0x080436c8   0x0000000c   Code   RO          998    i.DMA1_Channel5_IRQHandler  stm32f1xx_it.o
    0x080436d4   0x080436d4   0x0000000c   Code   RO          999    i.DMA1_Channel6_IRQHandler  stm32f1xx_it.o
    0x080436e0   0x080436e0   0x0000000c   Code   RO         1000    i.DMA1_Channel7_IRQHandler  stm32f1xx_it.o
    0x080436ec   0x080436ec   0x0000002a   Code   RO         2978    i.DMA_SetConfig     stm32f1xx_hal_dma.o
    0x08043716   0x08043716   0x00000002   PAD
    0x08043718   0x08043718   0x00000264   Code   RO         1250    i.Dac_Clibration    clibration.o
    0x0804397c   0x0804397c   0x00000002   Code   RO         1001    i.DebugMon_Handler  stm32f1xx_it.o
    0x0804397e   0x0804397e   0x00000002   Code   RO         1326    i.Dwin_ErrorHandle  dwin.o
    0x08043980   0x08043980   0x00000108   Code   RO         1327    i.Dwin_EventHandle  dwin.o
    0x08043a88   0x08043a88   0x00000044   Code   RO         1328    i.Dwin_PageChange   dwin.o
    0x08043acc   0x08043acc   0x0000005c   Code   RO         1329    i.Dwin_Poll         dwin.o
    0x08043b28   0x08043b28   0x0000003c   Code   RO         1330    i.Dwin_Read         dwin.o
    0x08043b64   0x08043b64   0x00000044   Code   RO         1331    i.Dwin_Send         dwin.o
    0x08043ba8   0x08043ba8   0x00000060   Code   RO         1332    i.Dwin_Write        dwin.o
    0x08043c08   0x08043c08   0x00000028   Code   RO         1412    i.Endian_Swap       tool.o
    0x08043c30   0x08043c30   0x00000004   Code   RO          456    i.Error_Handler     main.o
    0x08043c34   0x08043c34   0x00000018   Code   RO          320    i.FLASH_Init        flash.o
    0x08043c4c   0x08043c4c   0x00000024   Code   RO         3418    i.FLASH_MassErase   stm32f1xx_hal_flash_ex.o
    0x08043c70   0x08043c70   0x00000024   Code   RO         3423    i.FLASH_PageErase   stm32f1xx_hal_flash_ex.o
    0x08043c94   0x08043c94   0x0000001c   Code   RO         3315    i.FLASH_Program_HalfWord  stm32f1xx_hal_flash.o
    0x08043cb0   0x08043cb0   0x00000028   Code   RO          321    i.FLASH_Read        flash.o
    0x08043cd8   0x08043cd8   0x0000005c   Code   RO         3316    i.FLASH_SetErrorCode  stm32f1xx_hal_flash.o
    0x08043d34   0x08043d34   0x00000054   Code   RO         3317    i.FLASH_WaitForLastOperation  stm32f1xx_hal_flash.o
    0x08043d88   0x08043d88   0x0000007c   Code   RO          322    i.FLASH_Write       flash.o
    0x08043e04   0x08043e04   0x0000000c   Code   RO         1185    i.Free_AtObject     lte.o
    0x08043e10   0x08043e10   0x0000002c   Code   RO          783    i.Get_AdcValue      adc.o
    0x08043e3c   0x08043e3c   0x00000036   Code   RO         1413    i.Get_Crc16         tool.o
    0x08043e72   0x08043e72   0x00000002   PAD
    0x08043e74   0x08043e74   0x000000fc   Code   RO         2330    i.HAL_ADC_ConfigChannel  stm32f1xx_hal_adc.o
    0x08043f70   0x08043f70   0x00000002   Code   RO         2331    i.HAL_ADC_ConvCpltCallback  stm32f1xx_hal_adc.o
    0x08043f72   0x08043f72   0x00000002   Code   RO         2332    i.HAL_ADC_ConvHalfCpltCallback  stm32f1xx_hal_adc.o
    0x08043f74   0x08043f74   0x00000002   Code   RO         2334    i.HAL_ADC_ErrorCallback  stm32f1xx_hal_adc.o
    0x08043f76   0x08043f76   0x00000002   PAD
    0x08043f78   0x08043f78   0x00000120   Code   RO         2339    i.HAL_ADC_Init      stm32f1xx_hal_adc.o
    0x08044098   0x08044098   0x000000b0   Code   RO          785    i.HAL_ADC_MspInit   adc.o
    0x08044148   0x08044148   0x0000010c   Code   RO         2346    i.HAL_ADC_Start_DMA  stm32f1xx_hal_adc.o
    0x08044254   0x08044254   0x00000046   Code   RO         3578    i.HAL_DAC_ConfigChannel  stm32f1xx_hal_dac.o
    0x0804429a   0x0804429a   0x00000028   Code   RO         3588    i.HAL_DAC_Init      stm32f1xx_hal_dac.o
    0x080442c2   0x080442c2   0x00000002   PAD
    0x080442c4   0x080442c4   0x00000058   Code   RO          832    i.HAL_DAC_MspInit   dac.o
    0x0804431c   0x0804431c   0x0000001a   Code   RO         3591    i.HAL_DAC_SetValue  stm32f1xx_hal_dac.o
    0x08044336   0x08044336   0x0000005c   Code   RO         3592    i.HAL_DAC_Start     stm32f1xx_hal_dac.o
    0x08044392   0x08044392   0x00000046   Code   RO         2979    i.HAL_DMA_Abort     stm32f1xx_hal_dma.o
    0x080443d8   0x080443d8   0x00000130   Code   RO         2980    i.HAL_DMA_Abort_IT  stm32f1xx_hal_dma.o
    0x08044508   0x08044508   0x00000248   Code   RO         2984    i.HAL_DMA_IRQHandler  stm32f1xx_hal_dma.o
    0x08044750   0x08044750   0x0000007c   Code   RO         2985    i.HAL_DMA_Init      stm32f1xx_hal_dma.o
    0x080447cc   0x080447cc   0x00000070   Code   RO         2989    i.HAL_DMA_Start_IT  stm32f1xx_hal_dma.o
    0x0804483c   0x0804483c   0x00000024   Code   RO         2607    i.HAL_Delay         stm32f1xx_hal.o
    0x08044860   0x08044860   0x000000a8   Code   RO         3424    i.HAL_FLASHEx_Erase  stm32f1xx_hal_flash_ex.o
    0x08044908   0x08044908   0x00000014   Code   RO         3321    i.HAL_FLASH_Lock    stm32f1xx_hal_flash.o
    0x0804491c   0x0804491c   0x00000080   Code   RO         3326    i.HAL_FLASH_Program  stm32f1xx_hal_flash.o
    0x0804499c   0x0804499c   0x00000028   Code   RO         3328    i.HAL_FLASH_Unlock  stm32f1xx_hal_flash.o
    0x080449c4   0x080449c4   0x000001f8   Code   RO         2915    i.HAL_GPIO_Init     stm32f1xx_hal_gpio.o
    0x08044bbc   0x08044bbc   0x0000000a   Code   RO         2917    i.HAL_GPIO_ReadPin  stm32f1xx_hal_gpio.o
    0x08044bc6   0x08044bc6   0x00000010   Code   RO         2918    i.HAL_GPIO_TogglePin  stm32f1xx_hal_gpio.o
    0x08044bd6   0x08044bd6   0x0000000a   Code   RO         2919    i.HAL_GPIO_WritePin  stm32f1xx_hal_gpio.o
    0x08044be0   0x08044be0   0x0000000c   Code   RO         2611    i.HAL_GetTick       stm32f1xx_hal.o
    0x08044bec   0x08044bec   0x00000010   Code   RO         2617    i.HAL_IncTick       stm32f1xx_hal.o
    0x08044bfc   0x08044bfc   0x00000024   Code   RO         2618    i.HAL_Init          stm32f1xx_hal.o
    0x08044c20   0x08044c20   0x00000074   Code   RO         1141    i.HAL_InitTick      stm32f1xx_hal_timebase_tim.o
    0x08044c94   0x08044c94   0x00000048   Code   RO         1117    i.HAL_MspInit       stm32f1xx_hal_msp.o
    0x08044cdc   0x08044cdc   0x0000001a   Code   RO         3075    i.HAL_NVIC_EnableIRQ  stm32f1xx_hal_cortex.o
    0x08044cf6   0x08044cf6   0x00000002   PAD
    0x08044cf8   0x08044cf8   0x00000040   Code   RO         3081    i.HAL_NVIC_SetPriority  stm32f1xx_hal_cortex.o
    0x08044d38   0x08044d38   0x00000024   Code   RO         3082    i.HAL_NVIC_SetPriorityGrouping  stm32f1xx_hal_cortex.o
    0x08044d5c   0x08044d5c   0x000000ec   Code   RO         2878    i.HAL_RCCEx_PeriphCLKConfig  stm32f1xx_hal_rcc_ex.o
    0x08044e48   0x08044e48   0x0000012c   Code   RO         2775    i.HAL_RCC_ClockConfig  stm32f1xx_hal_rcc.o
    0x08044f74   0x08044f74   0x00000040   Code   RO         2779    i.HAL_RCC_GetClockConfig  stm32f1xx_hal_rcc.o
    0x08044fb4   0x08044fb4   0x00000020   Code   RO         2782    i.HAL_RCC_GetPCLK1Freq  stm32f1xx_hal_rcc.o
    0x08044fd4   0x08044fd4   0x00000020   Code   RO         2783    i.HAL_RCC_GetPCLK2Freq  stm32f1xx_hal_rcc.o
    0x08044ff4   0x08044ff4   0x0000006c   Code   RO         2784    i.HAL_RCC_GetSysClockFreq  stm32f1xx_hal_rcc.o
    0x08045060   0x08045060   0x00000320   Code   RO         2787    i.HAL_RCC_OscConfig  stm32f1xx_hal_rcc.o
    0x08045380   0x08045380   0x000000b2   Code   RO         3826    i.HAL_SPI_Init      stm32f1xx_hal_spi.o
    0x08045432   0x08045432   0x00000002   PAD
    0x08045434   0x08045434   0x00000070   Code   RO          898    i.HAL_SPI_MspInit   spi.o
    0x080454a4   0x080454a4   0x00000166   Code   RO         3834    i.HAL_SPI_Transmit  stm32f1xx_hal_spi.o
    0x0804560a   0x0804560a   0x00000002   Code   RO         4843    i.HAL_TIMEx_BreakCallback  stm32f1xx_hal_tim_ex.o
    0x0804560c   0x0804560c   0x00000002   Code   RO         4844    i.HAL_TIMEx_CommutCallback  stm32f1xx_hal_tim_ex.o
    0x0804560e   0x0804560e   0x0000005a   Code   RO         4139    i.HAL_TIM_Base_Init  stm32f1xx_hal_tim.o
    0x08045668   0x08045668   0x00000002   Code   RO         4141    i.HAL_TIM_Base_MspInit  stm32f1xx_hal_tim.o
    0x0804566a   0x0804566a   0x00000002   PAD
    0x0804566c   0x0804566c   0x0000006c   Code   RO         4144    i.HAL_TIM_Base_Start_IT  stm32f1xx_hal_tim.o
    0x080456d8   0x080456d8   0x00000002   Code   RO         4173    i.HAL_TIM_IC_CaptureCallback  stm32f1xx_hal_tim.o
    0x080456da   0x080456da   0x00000166   Code   RO         4187    i.HAL_TIM_IRQHandler  stm32f1xx_hal_tim.o
    0x08045840   0x08045840   0x00000002   Code   RO         4190    i.HAL_TIM_OC_DelayElapsedCallback  stm32f1xx_hal_tim.o
    0x08045842   0x08045842   0x00000002   Code   RO         4217    i.HAL_TIM_PWM_PulseFinishedCallback  stm32f1xx_hal_tim.o
    0x08045844   0x08045844   0x00000014   Code   RO          457    i.HAL_TIM_PeriodElapsedCallback  main.o
    0x08045858   0x08045858   0x00000002   Code   RO         4230    i.HAL_TIM_TriggerCallback  stm32f1xx_hal_tim.o
    0x0804585a   0x0804585a   0x00000002   Code   RO         5121    i.HAL_UARTEx_RxEventCallback  stm32f1xx_hal_uart.o
    0x0804585c   0x0804585c   0x00000058   Code   RO         5133    i.HAL_UART_DMAStop  stm32f1xx_hal_uart.o
    0x080458b4   0x080458b4   0x00000002   Code   RO         5135    i.HAL_UART_ErrorCallback  stm32f1xx_hal_uart.o
    0x080458b6   0x080458b6   0x00000002   PAD
    0x080458b8   0x080458b8   0x0000020c   Code   RO         5138    i.HAL_UART_IRQHandler  stm32f1xx_hal_uart.o
    0x08045ac4   0x08045ac4   0x00000062   Code   RO         5139    i.HAL_UART_Init     stm32f1xx_hal_uart.o
    0x08045b26   0x08045b26   0x00000002   PAD
    0x08045b28   0x08045b28   0x0000028c   Code   RO          940    i.HAL_UART_MspInit  usart.o
    0x08045db4   0x08045db4   0x000000c0   Code   RO         5142    i.HAL_UART_Receive  stm32f1xx_hal_uart.o
    0x08045e74   0x08045e74   0x0000002a   Code   RO         5143    i.HAL_UART_Receive_DMA  stm32f1xx_hal_uart.o
    0x08045e9e   0x08045e9e   0x00000002   Code   RO         5145    i.HAL_UART_RxCpltCallback  stm32f1xx_hal_uart.o
    0x08045ea0   0x08045ea0   0x00000002   Code   RO         5146    i.HAL_UART_RxHalfCpltCallback  stm32f1xx_hal_uart.o
    0x08045ea2   0x08045ea2   0x00000002   PAD
    0x08045ea4   0x08045ea4   0x000000b2   Code   RO         5147    i.HAL_UART_Transmit  stm32f1xx_hal_uart.o
    0x08045f56   0x08045f56   0x00000002   PAD
    0x08045f58   0x08045f58   0x00000080   Code   RO         5148    i.HAL_UART_Transmit_DMA  stm32f1xx_hal_uart.o
    0x08045fd8   0x08045fd8   0x00000002   Code   RO         5150    i.HAL_UART_TxCpltCallback  stm32f1xx_hal_uart.o
    0x08045fda   0x08045fda   0x00000002   Code   RO         5151    i.HAL_UART_TxHalfCpltCallback  stm32f1xx_hal_uart.o
    0x08045fdc   0x08045fdc   0x00000002   Code   RO         1002    i.HardFault_Handler  stm32f1xx_it.o
    0x08045fde   0x08045fde   0x00000002   PAD
    0x08045fe0   0x08045fe0   0x000000fc   Code   RO         1251    i.Input_FloatPaser  clibration.o
    0x080460dc   0x080460dc   0x00000010   Code   RO          637    i.Input_Task        freertos.o
    0x080460ec   0x080460ec   0x000000e4   Code   RO          786    i.MX_ADC1_Init      adc.o
    0x080461d0   0x080461d0   0x00000048   Code   RO         1186    i.MX_AtInit         lte.o
    0x08046218   0x08046218   0x0000004c   Code   RO          833    i.MX_DAC_Init       dac.o
    0x08046264   0x08046264   0x0000008c   Code   RO          873    i.MX_DMA_Init       dma.o
    0x080462f0   0x080462f0   0x00000040   Code   RO         1334    i.MX_DwinInit       dwin.o
    0x08046330   0x08046330   0x00000144   Code   RO          638    i.MX_FREERTOS_Init  freertos.o
    0x08046474   0x08046474   0x00000154   Code   RO          610    i.MX_GPIO_Init      gpio.o
    0x080465c8   0x080465c8   0x0000003c   Code   RO         1642    i.MX_ModbusInit     mdrtuslave.o
    0x08046604   0x08046604   0x00000048   Code   RO          899    i.MX_SPI1_Init      spi.o
    0x0804664c   0x0804664c   0x0000002c   Code   RO         2232    i.MX_ShellInit      shell_port.o
    0x08046678   0x08046678   0x00000038   Code   RO          941    i.MX_USART1_UART_Init  usart.o
    0x080466b0   0x080466b0   0x00000038   Code   RO          942    i.MX_USART2_UART_Init  usart.o
    0x080466e8   0x080466e8   0x00000038   Code   RO          943    i.MX_USART3_UART_Init  usart.o
    0x08046720   0x08046720   0x0000008c   Code   RO          270    i.Mcp48xx_Write     mcp4822.o
    0x080467ac   0x080467ac   0x00000010   Code   RO          639    i.MdTimer           freertos.o
    0x080467bc   0x080467bc   0x00000002   Code   RO         1003    i.MemManage_Handler  stm32f1xx_it.o
    0x080467be   0x080467be   0x00000002   Code   RO         1004    i.NMI_Handler       stm32f1xx_it.o
    0x080467c0   0x080467c0   0x00000010   Code   RO          640    i.Out_Task          freertos.o
    0x080467d0   0x080467d0   0x0000004c   Code   RO          271    i.Output_Current    mcp4822.o
    0x0804681c   0x0804681c   0x00000034   Code   RO          458    i.Param_WriteBack   main.o
    0x08046850   0x08046850   0x00000114   Code   RO         1335    i.Password_Handle   dwin.o
    0x08046964   0x08046964   0x00000028   Code   RO          641    i.RS485_Task        freertos.o
    0x0804698c   0x0804698c   0x000000e0   Code   RO           13    i.Read_Analog_Io    io_signal.o
    0x08046a6c   0x08046a6c   0x0000005c   Code   RO           14    i.Read_Digital_Io   io_signal.o
    0x08046ac8   0x08046ac8   0x0000003c   Code   RO           15    i.Read_LTE_State    io_signal.o
    0x08046b04   0x08046b04   0x000001f4   Code   RO          642    i.Report            freertos.o
    0x08046cf8   0x08046cf8   0x00000050   Code   RO          643    i.Report_Backparam  freertos.o
    0x08046d48   0x08046d48   0x00000080   Code   RO         1336    i.Restore_Factory   dwin.o
    0x08046dc8   0x08046dc8   0x00000020   Code   RO         3864    i.SPI_EndRxTxTransaction  stm32f1xx_hal_spi.o
    0x08046de8   0x08046de8   0x000000b8   Code   RO         3869    i.SPI_WaitFlagStateUntilTimeout  stm32f1xx_hal_spi.o
    0x08046ea0   0x08046ea0   0x00000038   Code   RO          644    i.Screen_Task       freertos.o
    0x08046ed8   0x08046ed8   0x00000044   Code   RO         1252    i.See_ADC_Param     clibration.o
    0x08046f1c   0x08046f1c   0x0000006c   Code   RO         1253    i.See_DAC_Param     clibration.o
    0x08046f88   0x08046f88   0x0000000a   Code   RO          645    i.Shell_Task        freertos.o
    0x08046f92   0x08046f92   0x00000002   PAD
    0x08046f94   0x08046f94   0x0000002c   Code   RO         6796    i.SysTick_Handler   port.o
    0x08046fc0   0x08046fc0   0x0000007a   Code   RO          459    i.SystemClock_Config  main.o
    0x0804703a   0x0804703a   0x00000002   PAD
    0x0804703c   0x0804703c   0x00000010   Code   RO         5468    i.SystemInit        system_stm32f1xx.o
    0x0804704c   0x0804704c   0x0000000c   Code   RO         1005    i.TIM1_UP_IRQHandler  stm32f1xx_it.o
    0x08047058   0x08047058   0x0000008c   Code   RO         4232    i.TIM_Base_SetConfig  stm32f1xx_hal_tim.o
    0x080470e4   0x080470e4   0x00000010   Code   RO         5152    i.UART_DMAAbortOnError  stm32f1xx_hal_uart.o
    0x080470f4   0x080470f4   0x0000004a   Code   RO         5153    i.UART_DMAError     stm32f1xx_hal_uart.o
    0x0804713e   0x0804713e   0x0000005a   Code   RO         5154    i.UART_DMAReceiveCplt  stm32f1xx_hal_uart.o
    0x08047198   0x08047198   0x0000001a   Code   RO         5156    i.UART_DMARxHalfCplt  stm32f1xx_hal_uart.o
    0x080471b2   0x080471b2   0x0000002e   Code   RO         5158    i.UART_DMATransmitCplt  stm32f1xx_hal_uart.o
    0x080471e0   0x080471e0   0x0000000a   Code   RO         5160    i.UART_DMATxHalfCplt  stm32f1xx_hal_uart.o
    0x080471ea   0x080471ea   0x00000030   Code   RO         5162    i.UART_EndRxTransfer  stm32f1xx_hal_uart.o
    0x0804721a   0x0804721a   0x00000012   Code   RO         5163    i.UART_EndTxTransfer  stm32f1xx_hal_uart.o
    0x0804722c   0x0804722c   0x000000b6   Code   RO         5164    i.UART_Receive_IT   stm32f1xx_hal_uart.o
    0x080472e2   0x080472e2   0x00000002   PAD
    0x080472e4   0x080472e4   0x000000b8   Code   RO         5165    i.UART_SetConfig    stm32f1xx_hal_uart.o
    0x0804739c   0x0804739c   0x00000070   Code   RO         5166    i.UART_Start_Receive_DMA  stm32f1xx_hal_uart.o
    0x0804740c   0x0804740c   0x00000064   Code   RO         5168    i.UART_WaitOnFlagUntilTimeout  stm32f1xx_hal_uart.o
    0x08047470   0x08047470   0x0000005c   Code   RO         1006    i.USART1_IRQHandler  stm32f1xx_it.o
    0x080474cc   0x080474cc   0x0000000c   Code   RO         1007    i.USART2_IRQHandler  stm32f1xx_it.o
    0x080474d8   0x080474d8   0x00000060   Code   RO         1008    i.USART3_IRQHandler  stm32f1xx_it.o
    0x08047538   0x08047538   0x000000bc   Code   RO          646    i.Update_Task       freertos.o
    0x080475f4   0x080475f4   0x00000002   Code   RO         1009    i.UsageFault_Handler  stm32f1xx_it.o
    0x080475f6   0x080475f6   0x00000002   PAD
    0x080475f8   0x080475f8   0x0000001c   Code   RO         2233    i.User_Shell_Read   shell_port.o
    0x08047614   0x08047614   0x00000020   Code   RO         2234    i.User_Shell_Write  shell_port.o
    0x08047634   0x08047634   0x00000058   Code   RO           16    i.Write_Analog_IO   io_signal.o
    0x0804768c   0x0804768c   0x00000070   Code   RO           17    i.Write_Digital_IO  io_signal.o
    0x080476fc   0x080476fc   0x0000002c   Code   RO         6909    i.__0vsnprintf      mc_w.l(printfa.o)
    0x08047728   0x08047728   0x00000026   Code   RO         6961    i.__ARM_fpclassifyf  m_ws.l(fpclassifyf.o)
    0x0804774e   0x0804774e   0x00000020   Code   RO         3088    i.__NVIC_SetPriority  stm32f1xx_hal_cortex.o
    0x0804776e   0x0804776e   0x0000000a   Code   RO         6963    i.__mathlib_flt_divzero  m_ws.l(funder.o)
    0x08047778   0x08047778   0x00000004   Code   RO         6965    i.__mathlib_flt_infnan2  m_ws.l(funder.o)
    0x0804777c   0x0804777c   0x00000008   Code   RO         6966    i.__mathlib_flt_invalid  m_ws.l(funder.o)
    0x08047784   0x08047784   0x0000000a   Code   RO         6967    i.__mathlib_flt_overflow  m_ws.l(funder.o)
    0x0804778e   0x0804778e   0x0000000a   Code   RO         6969    i.__mathlib_flt_underflow  m_ws.l(funder.o)
    0x08047798   0x08047798   0x0000000e   Code   RO         7032    i.__scatterload_copy  mc_w.l(handlers.o)
    0x080477a6   0x080477a6   0x00000002   Code   RO         7033    i.__scatterload_null  mc_w.l(handlers.o)
    0x080477a8   0x080477a8   0x0000000e   Code   RO         7034    i.__scatterload_zeroinit  mc_w.l(handlers.o)
    0x080477b6   0x080477b6   0x00000002   PAD
    0x080477b8   0x080477b8   0x0000000c   Code   RO         7000    i.__set_errno       mc_w.l(errno.o)
    0x080477c4   0x080477c4   0x00000184   Code   RO         6911    i._fp_digits        mc_w.l(printfa.o)
    0x08047948   0x08047948   0x000006dc   Code   RO         6912    i._printf_core      mc_w.l(printfa.o)
    0x08048024   0x08048024   0x00000024   Code   RO         6913    i._printf_post_padding  mc_w.l(printfa.o)
    0x08048048   0x08048048   0x0000002e   Code   RO         6914    i._printf_pre_padding  mc_w.l(printfa.o)
    0x08048076   0x08048076   0x00000016   Code   RO         6915    i._snputc           mc_w.l(printfa.o)
    0x0804808c   0x0804808c   0x0000000c   Code   RO         6377    i.inHandlerMode     cmsis_os.o
    0x08048098   0x08048098   0x0000006c   Code   RO         1414    i.kalmanFilter      tool.o
    0x08048104   0x08048104   0x00000144   Code   RO          460    i.main              main.o
    0x08048248   0x08048248   0x0000000c   Code   RO         6379    i.makeFreeRtosPriority  cmsis_os.o
    0x08048254   0x08048254   0x0000000c   Code   RO         1454    i.mdClearReceiveBuffer  mdrecbuffer.o
    0x08048260   0x08048260   0x00000118   Code   RO         1643    i.mdCreateModbusRTUSlave  mdrtuslave.o
    0x08048378   0x08048378   0x00000022   Code   RO         1455    i.mdCreateReceiveBuffer  mdrecbuffer.o
    0x0804839a   0x0804839a   0x00000038   Code   RO         1484    i.mdCreateRegister  mdregpool.o
    0x080483d2   0x080483d2   0x00000002   PAD
    0x080483d4   0x080483d4   0x00000174   Code   RO         1485    i.mdCreateRegisterPool  mdregpool.o
    0x08048548   0x08048548   0x00000064   Code   RO         1487    i.mdFindRegisterByAddress  mdregpool.o
    0x080485ac   0x080485ac   0x00000034   Code   RO         1488    i.mdInsertRegister  mdregpool.o
    0x080485e0   0x080485e0   0x000000a2   Code   RO         1645    i.mdRTUCenterProcessor  mdrtuslave.o
    0x08048682   0x08048682   0x00000002   Code   RO         1646    i.mdRTUError        mdrtuslave.o
    0x08048684   0x08048684   0x000000b0   Code   RO         1647    i.mdRTUHandleCode1  mdrtuslave.o
    0x08048734   0x08048734   0x0000007a   Code   RO         1648    i.mdRTUHandleCode15  mdrtuslave.o
    0x080487ae   0x080487ae   0x00000076   Code   RO         1649    i.mdRTUHandleCode16  mdrtuslave.o
    0x08048824   0x08048824   0x000000b0   Code   RO         1650    i.mdRTUHandleCode2  mdrtuslave.o
    0x080488d4   0x080488d4   0x000000b2   Code   RO         1651    i.mdRTUHandleCode3  mdrtuslave.o
    0x08048986   0x08048986   0x000000b2   Code   RO         1652    i.mdRTUHandleCode4  mdrtuslave.o
    0x08048a38   0x08048a38   0x00000090   Code   RO         1653    i.mdRTUHandleCode46  mdrtuslave.o
    0x08048ac8   0x08048ac8   0x0000002c   Code   RO         1654    i.mdRTUHandleCode5  mdrtuslave.o
    0x08048af4   0x08048af4   0x00000028   Code   RO         1655    i.mdRTUHandleCode6  mdrtuslave.o
    0x08048b1c   0x08048b1c   0x000000fc   Code   RO         1656    i.mdRTUHook         mdrtuslave.o
    0x08048c18   0x08048c18   0x0000000a   Code   RO         1657    i.mdRTUSendString   mdrtuslave.o
    0x08048c22   0x08048c22   0x00000040   Code   RO         1489    i.mdReadBit         mdregpool.o
    0x08048c62   0x08048c62   0x0000002a   Code   RO         1490    i.mdReadBits        mdregpool.o
    0x08048c8c   0x08048c8c   0x0000001a   Code   RO         1491    i.mdReadCoil        mdregpool.o
    0x08048ca6   0x08048ca6   0x00000002   PAD
    0x08048ca8   0x08048ca8   0x0000003e   Code   RO         1492    i.mdReadCoils       mdregpool.o
    0x08048ce6   0x08048ce6   0x00000010   Code   RO         1493    i.mdReadHoldRegister  mdregpool.o
    0x08048cf6   0x08048cf6   0x00000012   Code   RO         1494    i.mdReadHoldRegisters  mdregpool.o
    0x08048d08   0x08048d08   0x0000001e   Code   RO         1495    i.mdReadInputCoil   mdregpool.o
    0x08048d26   0x08048d26   0x00000002   PAD
    0x08048d28   0x08048d28   0x00000042   Code   RO         1496    i.mdReadInputCoils  mdregpool.o
    0x08048d6a   0x08048d6a   0x00000010   Code   RO         1497    i.mdReadInputRegister  mdregpool.o
    0x08048d7a   0x08048d7a   0x00000012   Code   RO         1498    i.mdReadInputRegisters  mdregpool.o
    0x08048d8c   0x08048d8c   0x0000001c   Code   RO         1499    i.mdReadU16         mdregpool.o
    0x08048da8   0x08048da8   0x0000002a   Code   RO         1500    i.mdReadU16s        mdregpool.o
    0x08048dd2   0x08048dd2   0x00000002   PAD
    0x08048dd4   0x08048dd4   0x0000001e   Code   RO         1658    i.mdU16Swap         mdrtuslave.o
    0x08048df2   0x08048df2   0x00000060   Code   RO         1501    i.mdWriteBit        mdregpool.o
    0x08048e52   0x08048e52   0x00000028   Code   RO         1502    i.mdWriteBits       mdregpool.o
    0x08048e7a   0x08048e7a   0x00000008   Code   RO         1503    i.mdWriteCoil       mdregpool.o
    0x08048e82   0x08048e82   0x00000002   PAD
    0x08048e84   0x08048e84   0x00000034   Code   RO         1504    i.mdWriteCoils      mdregpool.o
    0x08048eb8   0x08048eb8   0x00000010   Code   RO         1505    i.mdWriteHoldRegister  mdregpool.o
    0x08048ec8   0x08048ec8   0x00000012   Code   RO         1506    i.mdWriteHoldRegisters  mdregpool.o
    0x08048eda   0x08048eda   0x00000010   Code   RO         1507    i.mdWriteInputCoil  mdregpool.o
    0x08048eea   0x08048eea   0x00000002   PAD
    0x08048eec   0x08048eec   0x00000038   Code   RO         1508    i.mdWriteInputCoils  mdregpool.o
    0x08048f24   0x08048f24   0x00000010   Code   RO         1509    i.mdWriteInputRegister  mdregpool.o
    0x08048f34   0x08048f34   0x00000012   Code   RO         1510    i.mdWriteInputRegisters  mdregpool.o
    0x08048f46   0x08048f46   0x00000034   Code   RO         1511    i.mdWriteU16        mdregpool.o
    0x08048f7a   0x08048f7a   0x00000002   PAD
    0x08048f7c   0x08048f7c   0x0000002c   Code   RO         1512    i.mdWriteU16s       mdregpool.o
    0x08048fa8   0x08048fa8   0x0000000e   Code   RO         6381    i.osDelay           cmsis_os.o
    0x08048fb6   0x08048fb6   0x0000000a   Code   RO         6384    i.osKernelStart     cmsis_os.o
    0x08048fc0   0x08048fc0   0x00000026   Code   RO         6393    i.osMessageCreate   cmsis_os.o
    0x08048fe6   0x08048fe6   0x00000010   Code   RO         6399    i.osMutexCreate     cmsis_os.o
    0x08048ff6   0x08048ff6   0x00000004   Code   RO         6408    i.osRecursiveMutexRelease  cmsis_os.o
    0x08048ffa   0x08048ffa   0x00000004   Code   RO         6409    i.osRecursiveMutexWait  cmsis_os.o
    0x08048ffe   0x08048ffe   0x0000003e   Code   RO         6410    i.osSemaphoreCreate  cmsis_os.o
    0x0804903c   0x0804903c   0x00000050   Code   RO         6413    i.osSemaphoreRelease  cmsis_os.o
    0x0804908c   0x0804908c   0x00000064   Code   RO         6414    i.osSemaphoreWait   cmsis_os.o
    0x080490f0   0x080490f0   0x00000054   Code   RO         6418    i.osThreadCreate    cmsis_os.o
    0x08049144   0x08049144   0x00000012   Code   RO         6423    i.osThreadResumeAll  cmsis_os.o
    0x08049156   0x08049156   0x0000000a   Code   RO         6426    i.osThreadSuspendAll  cmsis_os.o
    0x08049160   0x08049160   0x00000040   Code   RO         6429    i.osTimerCreate     cmsis_os.o
    0x080491a0   0x080491a0   0x0000005c   Code   RO         6431    i.osTimerStart      cmsis_os.o
    0x080491fc   0x080491fc   0x00000058   Code   RO         6432    i.osTimerStop       cmsis_os.o
    0x08049254   0x08049254   0x0000002c   Code   RO         1659    i.popchar           mdrtuslave.o
    0x08049280   0x08049280   0x00000018   Code   RO         1660    i.portRtuTimerTick  mdrtuslave.o
    0x08049298   0x08049298   0x00000620   Code   RO         6873    i.powf              m_ws.l(powf.o)
    0x080498b8   0x080498b8   0x00000070   Code   RO         5949    i.prvAddCurrentTaskToDelayedList  tasks.o
    0x08049928   0x08049928   0x000000d0   Code   RO         5950    i.prvAddNewTaskToReadyList  tasks.o
    0x080499f8   0x080499f8   0x00000058   Code   RO         6248    i.prvCheckForValidListAndQueue  timers.o
    0x08049a50   0x08049a50   0x00000026   Code   RO         5640    i.prvCopyDataFromQueue  queue.o
    0x08049a76   0x08049a76   0x0000006c   Code   RO         5641    i.prvCopyDataToQueue  queue.o
    0x08049ae2   0x08049ae2   0x00000034   Code   RO         5951    i.prvDeleteTCB      tasks.o
    0x08049b16   0x08049b16   0x00000002   PAD
    0x08049b18   0x08049b18   0x0000004c   Code   RO         6746    i.prvHeapInit       heap_4.o
    0x08049b64   0x08049b64   0x00000060   Code   RO         5952    i.prvIdleTask       tasks.o
    0x08049bc4   0x08049bc4   0x00000016   Code   RO         5642    i.prvInitialiseMutex  queue.o
    0x08049bda   0x08049bda   0x00000016   Code   RO         5643    i.prvInitialiseNewQueue  queue.o
    0x08049bf0   0x08049bf0   0x0000009c   Code   RO         5953    i.prvInitialiseNewTask  tasks.o
    0x08049c8c   0x08049c8c   0x00000044   Code   RO         6249    i.prvInitialiseNewTimer  timers.o
    0x08049cd0   0x08049cd0   0x0000004c   Code   RO         6747    i.prvInsertBlockIntoFreeList  heap_4.o
    0x08049d1c   0x08049d1c   0x00000038   Code   RO         6250    i.prvInsertTimerInActiveList  timers.o
    0x08049d54   0x08049d54   0x0000001c   Code   RO         5644    i.prvIsQueueEmpty   queue.o
    0x08049d70   0x08049d70   0x000000bc   Code   RO         6251    i.prvProcessReceivedCommands  timers.o
    0x08049e2c   0x08049e2c   0x000000b4   Code   RO         6252    i.prvProcessTimerOrBlockTask  timers.o
    0x08049ee0   0x08049ee0   0x00000020   Code   RO         5954    i.prvResetNextTaskUnblockTime  tasks.o
    0x08049f00   0x08049f00   0x00000028   Code   RO         6253    i.prvSampleTimeNow  timers.o
    0x08049f28   0x08049f28   0x0000006c   Code   RO         6254    i.prvSwitchTimerLists  timers.o
    0x08049f94   0x08049f94   0x00000028   Code   RO         6797    i.prvTaskExitError  port.o
    0x08049fbc   0x08049fbc   0x00000024   Code   RO         6255    i.prvTimerTask      timers.o
    0x08049fe0   0x08049fe0   0x0000006a   Code   RO         5645    i.prvUnlockQueue    queue.o
    0x0804a04a   0x0804a04a   0x00000002   PAD
    0x0804a04c   0x0804a04c   0x000000e0   Code   RO         6748    i.pvPortMalloc      heap_4.o
    0x0804a12c   0x0804a12c   0x00000018   Code   RO         5956    i.pvTaskIncrementMutexHeldCount  tasks.o
    0x0804a144   0x0804a144   0x00000024   Code   RO         6798    i.pxPortInitialiseStack  port.o
    0x0804a168   0x0804a168   0x00000006   Code   RO         1789    i.shellBackspace    shell.o
    0x0804a16e   0x0804a16e   0x0000002e   Code   RO         1790    i.shellCheckPermission  shell.o
    0x0804a19c   0x0804a19c   0x0000001c   Code   RO         1791    i.shellClear        shell.o
    0x0804a1b8   0x0804a1b8   0x00000030   Code   RO         1792    i.shellClearCommandLine  shell.o
    0x0804a1e8   0x0804a1e8   0x00000014   Code   RO         1793    i.shellCmds         shell.o
    0x0804a1fc   0x0804a1fc   0x00000008   Code   RO         1794    i.shellDelete       shell.o
    0x0804a204   0x0804a204   0x000000d6   Code   RO         1795    i.shellDeleteByte   shell.o
    0x0804a2da   0x0804a2da   0x00000002   PAD
    0x0804a2dc   0x0804a2dc   0x0000001c   Code   RO         1796    i.shellDeleteCommandLine  shell.o
    0x0804a2f8   0x0804a2f8   0x00000008   Code   RO         1797    i.shellDown         shell.o
    0x0804a300   0x0804a300   0x00000014   Code   RO         1798    i.shellEnter        shell.o
    0x0804a314   0x0804a314   0x00000090   Code   RO         1799    i.shellExec         shell.o
    0x0804a3a4   0x0804a3a4   0x00000050   Code   RO         1800    i.shellExecute      shell.o
    0x0804a3f4   0x0804a3f4   0x0000003c   Code   RO         2198    i.shellExtParseChar  shell_ext.o
    0x0804a430   0x0804a430   0x00000112   Code   RO         2199    i.shellExtParseNumber  shell_ext.o
    0x0804a542   0x0804a542   0x000000a0   Code   RO         2200    i.shellExtParsePara  shell_ext.o
    0x0804a5e2   0x0804a5e2   0x000000c6   Code   RO         2201    i.shellExtRun       shell_ext.o
    0x0804a6a8   0x0804a6a8   0x00000004   Code   RO         1801    i.shellGetCommandDesc  shell.o
    0x0804a6ac   0x0804a6ac   0x00000038   Code   RO         1802    i.shellGetCommandName  shell.o
    0x0804a6e4   0x0804a6e4   0x00000028   Code   RO         1803    i.shellGetCurrent   shell.o
    0x0804a70c   0x0804a70c   0x0000003e   Code   RO         1804    i.shellGetVarValue  shell.o
    0x0804a74a   0x0804a74a   0x00000002   PAD
    0x0804a74c   0x0804a74c   0x0000011c   Code   RO         1805    i.shellHandler      shell.o
    0x0804a868   0x0804a868   0x00000028   Code   RO         1806    i.shellHelp         shell.o
    0x0804a890   0x0804a890   0x00000098   Code   RO         1807    i.shellHistory      shell.o
    0x0804a928   0x0804a928   0x00000068   Code   RO         1808    i.shellHistoryAdd   shell.o
    0x0804a990   0x0804a990   0x0000009c   Code   RO         1809    i.shellInit         shell.o
    0x0804aa2c   0x0804aa2c   0x000000dc   Code   RO         1810    i.shellInsertByte   shell.o
    0x0804ab08   0x0804ab08   0x00000014   Code   RO         1811    i.shellKeys         shell.o
    0x0804ab1c   0x0804ab1c   0x00000020   Code   RO         1812    i.shellLeft         shell.o
    0x0804ab3c   0x0804ab3c   0x00000012   Code   RO         1813    i.shellListAll      shell.o
    0x0804ab4e   0x0804ab4e   0x00000002   PAD
    0x0804ab50   0x0804ab50   0x0000004c   Code   RO         1814    i.shellListCommand  shell.o
    0x0804ab9c   0x0804ab9c   0x000000f4   Code   RO         1815    i.shellListItem     shell.o
    0x0804ac90   0x0804ac90   0x00000050   Code   RO         1816    i.shellListKey      shell.o
    0x0804ace0   0x0804ace0   0x00000050   Code   RO         1817    i.shellListUser     shell.o
    0x0804ad30   0x0804ad30   0x00000050   Code   RO         1818    i.shellListVar      shell.o
    0x0804ad80   0x0804ad80   0x00000010   Code   RO         1819    i.shellNormalInput  shell.o
    0x0804ad90   0x0804ad90   0x00000078   Code   RO         1820    i.shellParserParam  shell.o
    0x0804ae08   0x0804ae08   0x0000003c   Code   RO         1821    i.shellPrint        shell.o
    0x0804ae44   0x0804ae44   0x00000020   Code   RO         1822    i.shellRight        shell.o
    0x0804ae64   0x0804ae64   0x000000b8   Code   RO         1824    i.shellRunCommand   shell.o
    0x0804af1c   0x0804af1c   0x0000006e   Code   RO         1825    i.shellSeekCommand  shell.o
    0x0804af8a   0x0804af8a   0x00000002   PAD
    0x0804af8c   0x0804af8c   0x00000060   Code   RO         1826    i.shellSetUser      shell.o
    0x0804afec   0x0804afec   0x00000058   Code   RO         1827    i.shellSetVar       shell.o
    0x0804b044   0x0804b044   0x00000070   Code   RO         1828    i.shellSetVarValue  shell.o
    0x0804b0b4   0x0804b0b4   0x000000b0   Code   RO         1829    i.shellShowVar      shell.o
    0x0804b164   0x0804b164   0x00000024   Code   RO         1830    i.shellStringCompare  shell.o
    0x0804b188   0x0804b188   0x00000018   Code   RO         1831    i.shellStringCopy   shell.o
    0x0804b1a0   0x0804b1a0   0x00000148   Code   RO         1832    i.shellTab          shell.o
    0x0804b2e8   0x0804b2e8   0x00000022   Code   RO         1833    i.shellTask         shell.o
    0x0804b30a   0x0804b30a   0x00000002   PAD
    0x0804b30c   0x0804b30c   0x0000004c   Code   RO         1834    i.shellToDec        shell.o
    0x0804b358   0x0804b358   0x0000002a   Code   RO         1835    i.shellToHex        shell.o
    0x0804b382   0x0804b382   0x00000006   Code   RO         1836    i.shellUp           shell.o
    0x0804b388   0x0804b388   0x00000014   Code   RO         1837    i.shellUsers        shell.o
    0x0804b39c   0x0804b39c   0x00000014   Code   RO         1838    i.shellVars         shell.o
    0x0804b3b0   0x0804b3b0   0x00000058   Code   RO         1839    i.shellWriteCommandHelp  shell.o
    0x0804b408   0x0804b408   0x0000005c   Code   RO         1841    i.shellWritePrompt  shell.o
    0x0804b464   0x0804b464   0x00000080   Code   RO         1842    i.shellWriteReturnValue  shell.o
    0x0804b4e4   0x0804b4e4   0x00000026   Code   RO         1843    i.shellWriteString  shell.o
    0x0804b50a   0x0804b50a   0x00000002   PAD
    0x0804b50c   0x0804b50c   0x00000018   Code   RO         2235    i.userShellLock     shell_port.o
    0x0804b524   0x0804b524   0x00000014   Code   RO         2236    i.userShellUnlock   shell_port.o
    0x0804b538   0x0804b538   0x00000026   Code   RO         5600    i.uxListRemove      list.o
    0x0804b55e   0x0804b55e   0x00000002   PAD
    0x0804b560   0x0804b560   0x00000014   Code   RO          647    i.vApplicationGetIdleTaskMemory  freertos.o
    0x0804b574   0x0804b574   0x00000018   Code   RO          648    i.vApplicationGetTimerTaskMemory  freertos.o
    0x0804b58c   0x0804b58c   0x00000028   Code   RO          649    i.vApplicationMallocFailedHook  freertos.o
    0x0804b5b4   0x0804b5b4   0x00000028   Code   RO          650    i.vApplicationStackOverflowHook  freertos.o
    0x0804b5dc   0x0804b5dc   0x00000016   Code   RO         5601    i.vListInitialise   list.o
    0x0804b5f2   0x0804b5f2   0x00000006   Code   RO         5602    i.vListInitialiseItem  list.o
    0x0804b5f8   0x0804b5f8   0x00000030   Code   RO         5603    i.vListInsert       list.o
    0x0804b628   0x0804b628   0x00000018   Code   RO         5604    i.vListInsertEnd    list.o
    0x0804b640   0x0804b640   0x00000040   Code   RO         6800    i.vPortEnterCritical  port.o
    0x0804b680   0x0804b680   0x00000028   Code   RO         6801    i.vPortExitCritical  port.o
    0x0804b6a8   0x0804b6a8   0x0000005c   Code   RO         6749    i.vPortFree         heap_4.o
    0x0804b704   0x0804b704   0x00000024   Code   RO         6802    i.vPortSetupTimerInterrupt  port.o
    0x0804b728   0x0804b728   0x00000054   Code   RO         6803    i.vPortValidateInterruptPriority  port.o
    0x0804b77c   0x0804b77c   0x00000028   Code   RO         5649    i.vQueueAddToRegistry  queue.o
    0x0804b7a4   0x0804b7a4   0x00000044   Code   RO         5652    i.vQueueWaitForMessageRestricted  queue.o
    0x0804b7e8   0x0804b7e8   0x0000004c   Code   RO         5962    i.vTaskDelay        tasks.o
    0x0804b834   0x0804b834   0x00000010   Code   RO         5965    i.vTaskInternalSetTimeOutState  tasks.o
    0x0804b844   0x0804b844   0x0000000c   Code   RO         5966    i.vTaskMissedYield  tasks.o
    0x0804b850   0x0804b850   0x00000030   Code   RO         5968    i.vTaskPlaceOnEventList  tasks.o
    0x0804b880   0x0804b880   0x00000038   Code   RO         5969    i.vTaskPlaceOnEventListRestricted  tasks.o
    0x0804b8b8   0x0804b8b8   0x000000a8   Code   RO         5971    i.vTaskPriorityDisinheritAfterTimeout  tasks.o
    0x0804b960   0x0804b960   0x00000088   Code   RO         5976    i.vTaskStartScheduler  tasks.o
    0x0804b9e8   0x0804b9e8   0x00000010   Code   RO         5978    i.vTaskSuspendAll   tasks.o
    0x0804b9f8   0x0804b9f8   0x00000088   Code   RO         5979    i.vTaskSwitchContext  tasks.o
    0x0804ba80   0x0804ba80   0x000000a8   Code   RO         6804    i.xPortStartScheduler  port.o
    0x0804bb28   0x0804bb28   0x00000016   Code   RO         5653    i.xQueueCreateMutex  queue.o
    0x0804bb3e   0x0804bb3e   0x0000001a   Code   RO         5654    i.xQueueCreateMutexStatic  queue.o
    0x0804bb58   0x0804bb58   0x00000048   Code   RO         5655    i.xQueueGenericCreate  queue.o
    0x0804bba0   0x0804bba0   0x00000066   Code   RO         5656    i.xQueueGenericCreateStatic  queue.o
    0x0804bc06   0x0804bc06   0x00000002   PAD
    0x0804bc08   0x0804bc08   0x00000088   Code   RO         5657    i.xQueueGenericReset  queue.o
    0x0804bc90   0x0804bc90   0x00000160   Code   RO         5658    i.xQueueGenericSend  queue.o
    0x0804bdf0   0x0804bdf0   0x000000bc   Code   RO         5659    i.xQueueGenericSendFromISR  queue.o
    0x0804beac   0x0804beac   0x0000009c   Code   RO         5660    i.xQueueGiveFromISR  queue.o
    0x0804bf48   0x0804bf48   0x00000138   Code   RO         5665    i.xQueueReceive     queue.o
    0x0804c080   0x0804c080   0x0000009a   Code   RO         5666    i.xQueueReceiveFromISR  queue.o
    0x0804c11a   0x0804c11a   0x00000002   PAD
    0x0804c11c   0x0804c11c   0x00000178   Code   RO         5667    i.xQueueSemaphoreTake  queue.o
    0x0804c294   0x0804c294   0x00000074   Code   RO         5980    i.xTaskCheckForTimeOut  tasks.o
    0x0804c308   0x0804c308   0x0000005a   Code   RO         5981    i.xTaskCreate       tasks.o
    0x0804c362   0x0804c362   0x00000056   Code   RO         5982    i.xTaskCreateStatic  tasks.o
    0x0804c3b8   0x0804c3b8   0x0000001c   Code   RO         5986    i.xTaskGetSchedulerState  tasks.o
    0x0804c3d4   0x0804c3d4   0x0000000c   Code   RO         5987    i.xTaskGetTickCount  tasks.o
    0x0804c3e0   0x0804c3e0   0x000000c8   Code   RO         5989    i.xTaskIncrementTick  tasks.o
    0x0804c4a8   0x0804c4a8   0x00000098   Code   RO         5992    i.xTaskPriorityDisinherit  tasks.o
    0x0804c540   0x0804c540   0x00000094   Code   RO         5993    i.xTaskPriorityInherit  tasks.o
    0x0804c5d4   0x0804c5d4   0x00000074   Code   RO         5994    i.xTaskRemoveFromEventList  tasks.o
    0x0804c648   0x0804c648   0x000000c4   Code   RO         5995    i.xTaskResumeAll    tasks.o
    0x0804c70c   0x0804c70c   0x00000034   Code   RO         6258    i.xTimerCreate      timers.o
    0x0804c740   0x0804c740   0x0000002e   Code   RO         6259    i.xTimerCreateStatic  timers.o
    0x0804c76e   0x0804c76e   0x00000002   PAD
    0x0804c770   0x0804c770   0x00000060   Code   RO         6260    i.xTimerCreateTimerTask  timers.o
    0x0804c7d0   0x0804c7d0   0x00000060   Code   RO         6261    i.xTimerGenericCommand  timers.o
    0x0804c830   0x0804c830   0x00000018   Data   RO           19    .constdata          io_signal.o
    0x0804c848   0x0804c848   0x000000e4   Data   RO          652    .constdata          freertos.o
    0x0804c92c   0x0804c92c   0x0000000a   Data   RO         1187    .constdata          lte.o
    0x0804c936   0x0804c936   0x0000000a   Data   RO         1188    .constdata          lte.o
    0x0804c940   0x0804c940   0x0000004c   Data   RO         1189    .constdata          lte.o
    0x0804c98c   0x0804c98c   0x0000000f   Data   RO         1255    .constdata          clibration.o
    0x0804c99b   0x0804c99b   0x0000000b   Data   RO         1256    .constdata          clibration.o
    0x0804c9a6   0x0804c9a6   0x0000000f   Data   RO         1257    .constdata          clibration.o
    0x0804c9b5   0x0804c9b5   0x0000000b   Data   RO         1258    .constdata          clibration.o
    0x0804c9c0   0x0804c9c0   0x00000008   Data   RO         1259    .constdata          clibration.o
    0x0804c9c8   0x0804c9c8   0x00000004   Data   RO         1260    .constdata          clibration.o
    0x0804c9cc   0x0804c9cc   0x00000008   Data   RO         1261    .constdata          clibration.o
    0x0804c9d4   0x0804c9d4   0x00000004   Data   RO         1262    .constdata          clibration.o
    0x0804c9d8   0x0804c9d8   0x0000000a   Data   RO         1263    .constdata          clibration.o
    0x0804c9e2   0x0804c9e2   0x00000006   Data   RO         1264    .constdata          clibration.o
    0x0804c9e8   0x0804c9e8   0x00000004   Data   RO         1845    .constdata          shell.o
    0x0804c9ec   0x0804c9ec   0x00000005   Data   RO         1846    .constdata          shell.o
    0x0804c9f1   0x0804c9f1   0x0000000d   Data   RO         1847    .constdata          shell.o
    0x0804c9fe   0x0804c9fe   0x00000007   Data   RO         1848    .constdata          shell.o
    0x0804ca05   0x0804ca05   0x00000008   Data   RO         1849    .constdata          shell.o
    0x0804ca0d   0x0804ca0d   0x00000003   Data   RO         1850    .constdata          shell.o
    0x0804ca10   0x0804ca10   0x00000005   Data   RO         1851    .constdata          shell.o
    0x0804ca15   0x0804ca15   0x00000006   Data   RO         1852    .constdata          shell.o
    0x0804ca1b   0x0804ca1b   0x00000005   Data   RO         1853    .constdata          shell.o
    0x0804ca20   0x0804ca20   0x00000004   Data   RO         1854    .constdata          shell.o
    0x0804ca24   0x0804ca24   0x0000000a   Data   RO         1855    .constdata          shell.o
    0x0804ca2e   0x0804ca2e   0x0000000a   Data   RO         1856    .constdata          shell.o
    0x0804ca38   0x0804ca38   0x00000007   Data   RO         1857    .constdata          shell.o
    0x0804ca3f   0x0804ca3f   0x00000006   Data   RO         1858    .constdata          shell.o
    0x0804ca45   0x0804ca45   0x00000006   Data   RO         1859    .constdata          shell.o
    0x0804ca4b   0x0804ca4b   0x00000005   Data   RO         1860    .constdata          shell.o
    0x0804ca50   0x0804ca50   0x0000001d   Data   RO         1861    .constdata          shell.o
    0x0804ca6d   0x0804ca6d   0x00000006   Data   RO         1862    .constdata          shell.o
    0x0804ca73   0x0804ca73   0x0000000e   Data   RO         1863    .constdata          shell.o
    0x0804ca81   0x0804ca81   0x00000005   Data   RO         1864    .constdata          shell.o
    0x0804ca86   0x0804ca86   0x0000000d   Data   RO         1865    .constdata          shell.o
    0x0804ca93   0x0804ca93   0x00000005   Data   RO         1866    .constdata          shell.o
    0x0804ca98   0x0804ca98   0x0000000d   Data   RO         1867    .constdata          shell.o
    0x0804caa5   0x0804caa5   0x00000005   Data   RO         1868    .constdata          shell.o
    0x0804caaa   0x0804caaa   0x0000000d   Data   RO         1869    .constdata          shell.o
    0x0804cab7   0x0804cab7   0x00000006   Data   RO         1870    .constdata          shell.o
    0x0804cabd   0x0804cabd   0x0000000e   Data   RO         1871    .constdata          shell.o
    0x0804cacb   0x0804cacb   0x00000005   Data   RO         1872    .constdata          shell.o
    0x0804cad0   0x0804cad0   0x0000001b   Data   RO         1873    .constdata          shell.o
    0x0804caeb   0x0804caeb   0x00000001   PAD
    0x0804caec   0x0804caec   0x00000010   Data   RO         1874    .constdata          shell.o
    0x0804cafc   0x0804cafc   0x00000010   Data   RO         5469    .constdata          system_stm32f1xx.o
    0x0804cb0c   0x0804cb0c   0x00000008   Data   RO         5470    .constdata          system_stm32f1xx.o
    0x0804cb14   0x0804cb14   0x00000140   Data   RO         6874    .constdata          m_ws.l(powf.o)
    0x0804cc54   0x0804cc54   0x00000037   Data   RO          653    .conststring        freertos.o
    0x0804cc8b   0x0804cc8b   0x00000001   PAD
    0x0804cc8c   0x0804cc8c   0x0000012c   Data   RO         1190    .conststring        lte.o
    0x0804cdb8   0x0804cdb8   0x000000da   Data   RO         1265    .conststring        clibration.o
    0x0804ce92   0x0804ce92   0x00000002   PAD
    0x0804ce94   0x0804ce94   0x000002cd   Data   RO         1875    .conststring        shell.o
    0x0804d161   0x0804d161   0x00000003   PAD
    0x0804d164   0x0804d164   0x00000020   Data   RO         7030    Region$$Table       anon$$obj.o
    0x0804d184   0x0804d184   0x00000010   Data   RO         1193    shellCommand        lte.o
    0x0804d194   0x0804d194   0x00000050   Data   RO         1267    shellCommand        clibration.o
    0x0804d1e4   0x0804d1e4   0x00000130   Data   RO         1877    shellCommand        shell.o


    Execution Region RW_IRAM1 (Exec base: 0x20000000, Load base: 0x0804d314, Size: 0x00006f18, Max: 0x00010000, ABSOLUTE, COMPRESSED[0x000001b4])

    Exec Addr    Load Addr    Size         Type   Attr      Idx    E Section Name        Object

    0x20000000   COMPRESSED   0x00000009   Data   RW           20    .data               io_signal.o
    0x20000009   COMPRESSED   0x00000003   PAD
    0x2000000c   COMPRESSED   0x0000009c   Data   RW          461    .data               main.o
    0x200000a8   COMPRESSED   0x0000004a   Data   RW          655    .data               freertos.o
    0x200000f2   COMPRESSED   0x00000002   PAD
    0x200000f4   COMPRESSED   0x000000a8   Data   RW         1191    .data               lte.o
    0x2000019c   COMPRESSED   0x00000004   Data   RW         1192    .data               lte.o
    0x200001a0   COMPRESSED   0x00000074   Data   RW         1266    .data               clibration.o
    0x20000214   COMPRESSED   0x000001dc   Data   RW         1337    .data               dwin.o
    0x200003f0   COMPRESSED   0x00000010   Data   RW         1513    .data               mdregpool.o
    0x20000400   COMPRESSED   0x00000008   Data   RW         1661    .data               mdrtuslave.o
    0x20000408   COMPRESSED   0x00000058   Data   RW         1876    .data               shell.o
    0x20000460   COMPRESSED   0x0000000c   Data   RW         2625    .data               stm32f1xx_hal.o
    0x2000046c   COMPRESSED   0x00000004   Data   RW         5471    .data               system_stm32f1xx.o
    0x20000470   COMPRESSED   0x0000003c   Data   RW         5998    .data               tasks.o
    0x200004ac   COMPRESSED   0x00000014   Data   RW         6267    .data               timers.o
    0x200004c0   COMPRESSED   0x00000018   Data   RW         6754    .data               heap_4.o
    0x200004d8   COMPRESSED   0x0000000c   Data   RW         6805    .data               port.o
    0x200004e4   COMPRESSED   0x00000004   Data   RW         7001    .data               mc_w.l(errno.o)
    0x200004e8        -       0x000000c0   Zero   RW           18    .bss                io_signal.o
    0x200005a8        -       0x00000754   Zero   RW          651    .bss                freertos.o
    0x20000cfc        -       0x00000174   Zero   RW          787    .bss                adc.o
    0x20000e70        -       0x00000014   Zero   RW          834    .bss                dac.o
    0x20000e84        -       0x00000058   Zero   RW          900    .bss                spi.o
    0x20000edc        -       0x00000264   Zero   RW          944    .bss                usart.o
    0x20001140        -       0x00000048   Zero   RW         1144    .bss                stm32f1xx_hal_timebase_tim.o
    0x20001188        -       0x00000240   Zero   RW         1254    .bss                clibration.o
    0x200013c8        -       0x0000001d   Zero   RW         1844    .bss                shell.o
    0x200013e5   COMPRESSED   0x00000003   PAD
    0x200013e8        -       0x00000074   Zero   RW         2237    .bss                shell_port.o
    0x2000145c        -       0x00000080   Zero   RW         2238    .bss                shell_port.o
    0x200014dc   COMPRESSED   0x00000004   PAD
    0x200014e0        -       0x00000020   Zero   RW         3329    .bss                stm32f1xx_hal_flash.o
    0x20001500        -       0x00000040   Zero   RW         5668    .bss                queue.o
    0x20001540        -       0x000000f0   Zero   RW         5997    .bss                tasks.o
    0x20001630        -       0x000000e8   Zero   RW         6266    .bss                timers.o
    0x20001718        -       0x00005000   Zero   RW         6753    .bss                heap_4.o
    0x20006718        -       0x00000800   Zero   RW            1    STACK               startup_stm32f103xe.o


==============================================================================

Image component sizes


      Code (inc. data)   RO Data    RW Data    ZI Data      Debug   Object Name

       448         44          0          0        372       2665   adc.o
      1670        406        390        116        576       7854   clibration.o
       708         24          0          0          0      34949   cmsis_os.o
       164         22          0          0         20       1679   dac.o
       140          4          0          0          0        826   dma.o
      1322        114          0        476          0      11220   dwin.o
         0          0          0          0          0      16672   event_groups.o
       188         10          0          0          0     518321   flash.o
      2022        186        283         74       1876      43631   freertos.o
       340         24          0          0          0       1095   gpio.o
       468         22          0         24      20480       4763   heap_4.o
       576         64         24          9        192     457490   io_signal.o
       138          0          0          0          0       3462   list.o
       982        404        412        172          0       6984   lte.o
       522         70          0        156          0      52938   main.o
       224         24          0          0          0       2279   mcp4822.o
        46          0          0          0          0       2995   mdrecbuffer.o
      1440        108          0         16          0      20327   mdregpool.o
      2040        106          0          8          0      20715   mdrtuslave.o
       662         70          0         12          0      11293   port.o
      2328         24          0          0         64      21973   queue.o
      4324        234       1296         88         29      46507   shell.o
       692          8          0          0          0       5542   shell_ext.o
       148         42          0          0        244       3698   shell_port.o
       184         26          0          0         88       1717   spi.o
        36          8        304          0       2048        812   startup_stm32f103xe.o
       100         18          0         12          0       5926   stm32f1xx_hal.o
      1138         60          0          0          0       8714   stm32f1xx_hal_adc.o
       158         14          0          0          0      28238   stm32f1xx_hal_cortex.o
       228          0          0          0          0       3390   stm32f1xx_hal_dac.o
      1236         52          0          0          0       5194   stm32f1xx_hal_dma.o
       392         46          0          0         32       4810   stm32f1xx_hal_flash.o
       240         26          0          0          0       3285   stm32f1xx_hal_flash_ex.o
       540         42          0          0          0       4196   stm32f1xx_hal_gpio.o
        72         10          0          0          0        890   stm32f1xx_hal_msp.o
      1336        110          0          0          0       5897   stm32f1xx_hal_rcc.o
       236         12          0          0          0       1404   stm32f1xx_hal_rcc_ex.o
       752          4          0          0          0       4450   stm32f1xx_hal_spi.o
       706         40          0          0          0       7160   stm32f1xx_hal_tim.o
         4          0          0          0          0       1585   stm32f1xx_hal_tim_ex.o
       116         18          0          0         72       1451   stm32f1xx_hal_timebase_tim.o
      2168         38          0          0          0      18626   stm32f1xx_hal_uart.o
       308         88          0          0          0       8913   stm32f1xx_it.o
        16          8         24          4          0       1223   system_stm32f1xx.o
      2488        182          0         60        240      25973   tasks.o
      1054         78          0         20        232      29407   timers.o
       202          6          0          0          0       2401   tool.o
       820         68          0          0        612       3694   usart.o

    ----------------------------------------------------------------------
     36196       2964       2772       1252      27184    1479234   Object Totals
         0          0         32          0          0          0   (incl. Generated)
        74          0          7          5          7          0   (incl. Padding)

    ----------------------------------------------------------------------

      Code (inc. data)   RO Data    RW Data    ZI Data      Debug   Library Member Name

        38          0          0          0          0         68   fpclassifyf.o
        42          0          0          0          0        340   funder.o
      1568         80        320          0          0        224   powf.o
        86          0          0          0          0          0   __dczerorl2.o
         0          0          0          0          0          0   entry.o
         0          0          0          0          0          0   entry10a.o
         0          0          0          0          0          0   entry11a.o
         8          4          0          0          0          0   entry2.o
         4          0          0          0          0          0   entry5.o
         0          0          0          0          0          0   entry7b.o
         0          0          0          0          0          0   entry8b.o
         8          4          0          0          0          0   entry9a.o
        12          6          0          4          0         68   errno.o
        30          0          0          0          0          0   handlers.o
        36          8          0          0          0         68   init.o
         0          0          0          0          0          0   iusefp.o
        30          0          0          0          0         68   llshl.o
        36          0          0          0          0         68   llsshr.o
        32          0          0          0          0         68   llushr.o
        36          0          0          0          0         68   memcpya.o
        36          0          0          0          0        108   memseta.o
      2292         84          0          0          0        516   printfa.o
        28          0          0          0          0         76   strcmp.o
        14          0          0          0          0         68   strlen.o
        30          0          0          0          0         80   strncmp.o
        36          0          0          0          0         80   strstr.o
        44          0          0          0          0         80   uidiv.o
        98          0          0          0          0         92   uldiv.o
        48          0          0          0          0         68   cdrcmple.o
        20          0          0          0          0         68   cfcmple.o
        20          0          0          0          0         68   cfrcmple.o
       334          0          0          0          0        148   dadd.o
       222          0          0          0          0        100   ddiv.o
       186          0          0          0          0        176   depilogue.o
        62          0          0          0          0         80   dfixi.o
        50          0          0          0          0         76   dfixui.o
        48          0          0          0          0         68   dfixul.o
        26          0          0          0          0         76   dfltui.o
       228          0          0          0          0         96   dmul.o
        46          0          0          0          0         80   dscalb.o
        38          0          0          0          0         68   f2d.o
       176          0          0          0          0        140   fadd.o
       124          0          0          0          0         88   fdiv.o
       110          0          0          0          0        168   fepilogue.o
        76          0          0          0          0         76   ffixir.o
        40          0          0          0          0         68   ffixui.o
        18          0          0          0          0         68   fflti.o
        10          0          0          0          0         68   ffltui.o
       100          0          0          0          0         76   fmul.o
         4          0          0          0          0         68   fpstat.o
        24          0          0          0          0         68   fscalb.o

    ----------------------------------------------------------------------
      6556        186        320          4          0       4200   Library Totals
         2          0          0          0          0          0   (incl. Padding)

    ----------------------------------------------------------------------

      Code (inc. data)   RO Data    RW Data    ZI Data      Debug   Library Name

      1648         80        320          0          0        632   m_ws.l
      2896        106          0          4          0       1508   mc_w.l
      2010          0          0          0          0       2060   mf_w.l

    ----------------------------------------------------------------------
      6556        186        320          4          0       4200   Library Totals

    ----------------------------------------------------------------------

==============================================================================


      Code (inc. data)   RO Data    RW Data    ZI Data      Debug   

     42752       3150       3092       1256      27184    1461462   Grand Totals
     42752       3150       3092        436      27184    1461462   ELF Image Totals (compressed)
     42752       3150       3092        436          0          0   ROM Totals

==============================================================================

    Total RO  Size (Code + RO Data)                45844 (  44.77kB)
    Total RW  Size (RW Data + ZI Data)             28440 (  27.77kB)
    Total ROM Size (Code + RO Data + RW Data)      46280 (  45.20kB)

==============================================================================

